Microchip MPLAB XC8 Compiler V1.35 ()

Linker command line:

--edf=/Applications/microchip/xc8/v1.35/dat/en_msgs.txt \
  --UDF=html/blueGyro.X.production.link.html -cs \
  -h+dist/default/production/blueGyro.X.production.sym \
  --cmf=dist/default/production/blueGyro.X.production.cmf -z -Q12F1840 \
  -o/tmp/xcMt9NjZG -Mdist/default/production/blueGyro.X.production.map -E1 \
  -ver=XC8 -ASTACK=020A0h-020efh -pstack=STACK -ACODE=00h-07FFhx2 \
  -ASTRCODE=00h-0FFFh -ASTRING=00h-0FFhx16 -ACONST=00h-0FFhx16 \
  -AENTRY=00h-0FFhx16 -ACOMMON=070h-07Fh -ABANK0=020h-06Fh \
  -ABANK1=0A0h-0EFh -ABANK2=0120h-016Fh -ABIGRAM=02000h-020EFh \
  -ARAM=020h-06Fh,0A0h-0EFh,0120h-016Fh \
  -AABS1=020h-07Fh,0A0h-0EFh,0120h-016Fh -ASFR0=00h-01Fh -ASFR1=080h-09Fh \
  -ASFR2=0100h-011Fh -ASFR3=0180h-01EFh -ASFR4=0200h-026Fh \
  -ASFR5=0280h-02EFh -ASFR6=0300h-036Fh -ASFR7=0380h-03EFh \
  -ASFR8=0400h-046Fh -ASFR9=0480h-04EFh -ASFR10=0500h-056Fh \
  -ASFR11=0580h-05EFh -ASFR12=0600h-066Fh -ASFR13=0680h-06EFh \
  -ASFR14=0700h-076Fh -ASFR15=0780h-07EFh -ASFR16=0800h-086Fh \
  -ASFR17=0880h-08EFh -ASFR18=0900h-096Fh -ASFR19=0980h-09EFh \
  -ASFR20=0A00h-0A6Fh -ASFR21=0A80h-0AEFh -ASFR22=0B00h-0B6Fh \
  -ASFR23=0B80h-0BEFh -ASFR24=0C00h-0C6Fh -ASFR25=0C80h-0CEFh \
  -ASFR26=0D00h-0D6Fh -ASFR27=0D80h-0DEFh -ASFR28=0E00h-0E6Fh \
  -ASFR29=0E80h-0EEFh -ASFR30=0F00h-0F6Fh -ASFR31=0F80h-0FEFh \
  -preset_vec=00h,intentry=04h,init,end_init -ppowerup=CODE -pcinit=CODE \
  -pfunctab=CODE -ACONFIG=08007h-08008h -pconfig=CONFIG -DCONFIG=2 \
  -AIDLOC=08000h-08003h -pidloc=IDLOC -DIDLOC=2 -AEEDATA=00h-0FFh/0F000h \
  -peeprom_data=EEDATA -DEEDATA=2 -DCODE=2 -DSTRCODE=2 -DSTRING=2 -DCONST=2 \
  -DENTRY=2 --MS=program,0,1000,800 --MS=data,0,1000,80 -k \
  /tmp/xcwYtDJ9q.obj dist/default/production/blueGyro.X.production.obj 

Object code version is 3.11

Machine type is 12F1840

MEMORY SPACES

                Name           Low     High     Page
                program          0      FFF      800
                data             0      FFF       80


                Name                               Link     Load   Length Selector   Space         Scale
/tmp/xcwYtDJ9q.obj
                end_init                             37       37        2        8      program
                reset_vec                             0        0        2        0      program
                config                             8007     8007        2    1000E      program
dist/default/production/blueGyro.X.production.obj
                cinit                                39       39       19        8      program
                intentry                              4        4       33        8      program
                eeprom_data                           0     F000        8    1E000      Unknown
                text52                              B0A      B0A       30     1614      program
                text51                              89F      89F        8     113E      program
                text50                              8C0      8C0        F     1180      program
                text49                              87C      87C        5     10F8      program
                text48                              891      891        7     1122      program
                text47                              8DE      8DE       11     11BC      program
                text46                              995      995       1C     132A      program
                text45                              881      881        5     1102      program
                text44                              886      886        5     110C      program
                text43                              C55      C55       41     18AA      program
                text42                              AB5      AB5       29     156A      program
                text41                              A6B      A6B       25     14D6      program
                text40                              BA0      BA0       39     1740      program
                text39                              D1E      D1E       54     1A3C      program
                text38                              A06      A06       1E     140C      program
                text37                              915      915       14     122A      program
                text36                              8EF      8EF       13     11DE      program
                text35                              A90      A90       25     1520      program
                text34                              67F      67F       93      BC2      program
                text33                              B3A      B3A       32     1674      program
                text32                              453      453       E9        8      program
                text31                              712      712       88      BC2      program
                text30                              F7E      F7E       82     1EFC      program
                text29                              B6C      B6C       34     16D8      program
                text28                              ADE      ADE       2C     15BC      program
                text27                              DC8      DC8       62     1B90      program
                text26                              A47      A47       24     148E      program
                text25                              F03      F03       7B     1E06      program
                text24                              C96      C96       44     192C      program
                text23                              E94      E94       6F     1D28      program
                text22                              CDA      CDA       44     19B4      program
                text21                              929      929       14     1252      program
                text20                              93D      93D       14     127A      program
                text19                              325      325      12E        8      program
                text18                              C16      C16       3F     182C      program
                text17                              8B3      8B3        D     1166      program
                text16                              BD9      BD9       3D     17B2      program
                text15                              5E1      5E1       9E      BC2      program
                text14                              902      902       13     1204      program
                text13                              D72      D72       56     1AE4      program
                text12                              951      951       16     12A2      program
                text11                              8CF      8CF        F     119E      program
                text10                              97D      97D       18     12FA      program
                text9                               9B1      9B1       1C     1362      program
                text8                               9CD      9CD       1C     139A      program
                text7                               A24      A24       23     1448      program
                text6                               9E9      9E9       1D     13D2      program
                text5                               967      967       16     12CE      program
                text4                               E2A      E2A       6A     1C54      program
                text3                               8A7      8A7        C     114E      program
                text2                               898      898        7     1130      program
                text1                               79A      79A       66      BC2      program
                maintext                             52       52      2D3        8      program
                cstackBANK0                          20       20       39       20         data
                cstackCOMMON                         70       70        A       70         data
                clrtext                             88B      88B        6     1116      program
                bssBANK1                             A0       A0       50       A0         data
                dataBANK0                            6D       6D        1       20         data
                bssBANK0                             59       59       14       20         data
                bssCOMMON                            7A       7A        2       70         data
                stringtext                          53C      53C       A5      A78      program
                idataBANK0                            3        3        1        6      program

TOTAL           Name                               Link     Load   Length     Space
        CLASS   STACK          

        CLASS   CODE           
                end_init                             37       37        2    program   
                cinit                                39       39       19    program   
                intentry                              4        4       33    program   
                reset_vec                             0        0        2    program   
                text52                              B0A      B0A       30    program   
                text51                              89F      89F        8    program   
                text50                              8C0      8C0        F    program   
                text49                              87C      87C        5    program   
                text48                              891      891        7    program   
                text47                              8DE      8DE       11    program   
                text46                              995      995       1C    program   
                text45                              881      881        5    program   
                text44                              886      886        5    program   
                text43                              C55      C55       41    program   
                text42                              AB5      AB5       29    program   
                text41                              A6B      A6B       25    program   
                text40                              BA0      BA0       39    program   
                text39                              D1E      D1E       54    program   
                text38                              A06      A06       1E    program   
                text37                              915      915       14    program   
                text36                              8EF      8EF       13    program   
                text35                              A90      A90       25    program   
                text34                              67F      67F       93    program   
                text33                              B3A      B3A       32    program   
                text32                              453      453       E9    program   
                text31                              712      712       88    program   
                text30                              F7E      F7E       82    program   
                text29                              B6C      B6C       34    program   
                text28                              ADE      ADE       2C    program   
                text27                              DC8      DC8       62    program   
                text26                              A47      A47       24    program   
                text25                              F03      F03       7B    program   
                text24                              C96      C96       44    program   
                text23                              E94      E94       6F    program   
                text22                              CDA      CDA       44    program   
                text21                              929      929       14    program   
                text20                              93D      93D       14    program   
                text19                              325      325      12E    program   
                text18                              C16      C16       3F    program   
                text17                              8B3      8B3        D    program   
                text16                              BD9      BD9       3D    program   
                text15                              5E1      5E1       9E    program   
                text14                              902      902       13    program   
                text13                              D72      D72       56    program   
                text12                              951      951       16    program   
                text11                              8CF      8CF        F    program   
                text10                              97D      97D       18    program   
                text9                               9B1      9B1       1C    program   
                text8                               9CD      9CD       1C    program   
                text7                               A24      A24       23    program   
                text6                               9E9      9E9       1D    program   
                text5                               967      967       16    program   
                text4                               E2A      E2A       6A    program   
                text3                               8A7      8A7        C    program   
                text2                               898      898        7    program   
                text1                               79A      79A       66    program   
                maintext                             52       52      2D3    program   
                clrtext                             88B      88B        6    program   
                idataBANK0                            3        3        1    program   

        CLASS   STRCODE        
                stringtext                          53C      53C       A5    program   

        CLASS   STRING         

        CLASS   CONST          

        CLASS   ENTRY          

        CLASS   COMMON         
                cstackCOMMON                         70       70        A    data      
                bssCOMMON                            7A       7A        2    data      

        CLASS   BANK0          
                cstackBANK0                          20       20       39    data      
                dataBANK0                            6D       6D        1    data      
                bssBANK0                             59       59       14    data      

        CLASS   BANK1          
                bssBANK1                             A0       A0       50    data      

        CLASS   BANK2          

        CLASS   BIGRAM         

        CLASS   RAM            

        CLASS   ABS1           
                abs_s1                               7E       7E        2    data      

        CLASS   SFR0           

        CLASS   SFR1           

        CLASS   SFR2           

        CLASS   SFR3           

        CLASS   SFR4           

        CLASS   SFR5           

        CLASS   SFR6           

        CLASS   SFR7           

        CLASS   SFR8           

        CLASS   SFR9           

        CLASS   SFR10          

        CLASS   SFR11          

        CLASS   SFR12          

        CLASS   SFR13          

        CLASS   SFR14          

        CLASS   SFR15          

        CLASS   SFR16          

        CLASS   SFR17          

        CLASS   SFR18          

        CLASS   SFR19          

        CLASS   SFR20          

        CLASS   SFR21          

        CLASS   SFR22          

        CLASS   SFR23          

        CLASS   SFR24          

        CLASS   SFR25          

        CLASS   SFR26          

        CLASS   SFR27          

        CLASS   SFR28          

        CLASS   SFR29          

        CLASS   SFR30          

        CLASS   SFR31          

        CLASS   CONFIG         
                config                             8007     8007        2    program   

        CLASS   IDLOC          

        CLASS   EEDATA         
                eeprom_data                           0     F000        8    Unknown   

        CLASS   BANK31         

        CLASS   BANK30         

        CLASS   BANK29         

        CLASS   BANK28         

        CLASS   BANK27         

        CLASS   BANK26         

        CLASS   BANK25         

        CLASS   BANK24         

        CLASS   BANK23         

        CLASS   BANK22         

        CLASS   BANK21         

        CLASS   BANK20         

        CLASS   BANK19         

        CLASS   BANK18         

        CLASS   BANK17         

        CLASS   BANK16         

        CLASS   BANK15         

        CLASS   BANK14         

        CLASS   BANK13         

        CLASS   BANK12         

        CLASS   BANK11         

        CLASS   BANK10         

        CLASS   BANK9          

        CLASS   BANK8          

        CLASS   BANK7          

        CLASS   BANK6          

        CLASS   BANK5          

        CLASS   BANK4          

        CLASS   BANK3          



SEGMENTS        Name                           Load    Length   Top    Selector   Space  Class     Delta

                reset_vec                      000000  000002  000002         0     program     CODE        2
                idataBANK0                     000003  000001  000004         6     program     CODE        2
                intentry                       000004  000538  00053C         8     program     CODE        2
                cstackBANK0                    000020  00004E  00006E        20     data        BANK0       1
                cstackCOMMON                   000070  00000C  00007C        70     data        COMMON      1
                bssBANK1                       0000A0  000050  0000F0        A0     data        BANK1       1
                stringtext                     00053C  0000A5  0005E1       A78     program     STRCODE     2
                text15                         0005E1  00021F  000800       BC2     program     CODE        2
                text49                         00087C  000005  000881      10F8     program     CODE        2
                text45                         000881  000005  000886      1102     program     CODE        2
                text44                         000886  000005  00088B      110C     program     CODE        2
                clrtext                        00088B  000006  000891      1116     program     CODE        2
                text48                         000891  000007  000898      1122     program     CODE        2
                text2                          000898  000007  00089F      1130     program     CODE        2
                text51                         00089F  000008  0008A7      113E     program     CODE        2
                text3                          0008A7  00000C  0008B3      114E     program     CODE        2
                text17                         0008B3  00000D  0008C0      1166     program     CODE        2
                text50                         0008C0  00000F  0008CF      1180     program     CODE        2
                text11                         0008CF  00000F  0008DE      119E     program     CODE        2
                text47                         0008DE  000011  0008EF      11BC     program     CODE        2
                text36                         0008EF  000013  000902      11DE     program     CODE        2
                text14                         000902  000013  000915      1204     program     CODE        2
                text37                         000915  000014  000929      122A     program     CODE        2
                text21                         000929  000014  00093D      1252     program     CODE        2
                text20                         00093D  000014  000951      127A     program     CODE        2
                text12                         000951  000016  000967      12A2     program     CODE        2
                text5                          000967  000016  00097D      12CE     program     CODE        2
                text10                         00097D  000018  000995      12FA     program     CODE        2
                text46                         000995  00001C  0009B1      132A     program     CODE        2
                text9                          0009B1  00001C  0009CD      1362     program     CODE        2
                text8                          0009CD  00001C  0009E9      139A     program     CODE        2
                text6                          0009E9  00001D  000A06      13D2     program     CODE        2
                text38                         000A06  00001E  000A24      140C     program     CODE        2
                text7                          000A24  000023  000A47      1448     program     CODE        2
                text26                         000A47  000024  000A6B      148E     program     CODE        2
                text41                         000A6B  000025  000A90      14D6     program     CODE        2
                text35                         000A90  000025  000AB5      1520     program     CODE        2
                text42                         000AB5  000029  000ADE      156A     program     CODE        2
                text28                         000ADE  00002C  000B0A      15BC     program     CODE        2
                text52                         000B0A  000030  000B3A      1614     program     CODE        2
                text33                         000B3A  000032  000B6C      1674     program     CODE        2
                text29                         000B6C  000034  000BA0      16D8     program     CODE        2
                text40                         000BA0  000039  000BD9      1740     program     CODE        2
                text16                         000BD9  00003D  000C16      17B2     program     CODE        2
                text18                         000C16  00003F  000C55      182C     program     CODE        2
                text43                         000C55  000041  000C96      18AA     program     CODE        2
                text24                         000C96  000044  000CDA      192C     program     CODE        2
                text22                         000CDA  000044  000D1E      19B4     program     CODE        2
                text39                         000D1E  000054  000D72      1A3C     program     CODE        2
                text13                         000D72  000056  000DC8      1AE4     program     CODE        2
                text27                         000DC8  000062  000E2A      1B90     program     CODE        2
                text4                          000E2A  00006A  000E94      1C54     program     CODE        2
                text23                         000E94  00006F  000F03      1D28     program     CODE        2
                text25                         000F03  00007B  000F7E      1E06     program     CODE        2
                text30                         000F7E  000082  001000      1EFC     program     CODE        2
                config                         008007  000002  008009     1000E     program     CONFIG      2
                eeprom_data                    00F000  000008  00F008     1E000     Unknown     EEDATA      2


UNUSED ADDRESS RANGES

        Name                Unused          Largest block    Delta
        BANK0            0006E-0006F               2           1
        BANK2            00120-0016F              50           1
        BIGRAM           02000-020EF              F0           1
        CODE             00002-00002               1           2
                         00800-0087B              7C
        COMMON           0007C-0007D               2           1
        CONST            00002-00002               1           2
                         00800-0087B              7C
        EEDATA           0F008-0F0FF              F8           2
        ENTRY            00002-00002               1           2
                         00800-0087B              7C
        IDLOC            08000-08003               4           2
        RAM              0006E-0006F               2           1
                         00120-0016F              50
        SFR0             00000-0001F              20           1
        SFR1             00080-0009F              20           1
        SFR10            00500-0056F              70           1
        SFR11            00580-005EF              70           1
        SFR12            00600-0066F              70           1
        SFR13            00680-006EF              70           1
        SFR14            00700-0076F              70           1
        SFR15            00780-007EF              70           1
        SFR16            00800-0086F              70           1
        SFR17            00880-008EF              70           1
        SFR18            00900-0096F              70           1
        SFR19            00980-009EF              70           1
        SFR2             00100-0011F              20           1
        SFR20            00A00-00A6F              70           1
        SFR21            00A80-00AEF              70           1
        SFR22            00B00-00B6F              70           1
        SFR23            00B80-00BEF              70           1
        SFR24            00C00-00C6F              70           1
        SFR25            00C80-00CEF              70           1
        SFR26            00D00-00D6F              70           1
        SFR27            00D80-00DEF              70           1
        SFR28            00E00-00E6F              70           1
        SFR29            00E80-00EEF              70           1
        SFR3             00180-001EF              70           1
        SFR30            00F00-00F6F              70           1
        SFR31            00F80-00FEF              70           1
        SFR4             00200-0026F              70           1
        SFR5             00280-002EF              70           1
        SFR6             00300-0036F              70           1
        SFR7             00380-003EF              70           1
        SFR8             00400-0046F              70           1
        SFR9             00480-004EF              70           1
        STACK            020A0-020EF              50           1
        STRCODE          00002-00002               1           2
                         00800-0087B              7C
        STRING           00002-00002               1           2
                         00800-0087B              7C

                                  Symbol Table

?_GetGyroWithOffset                   cstackCOMMON 00072
?___aldiv                             cstackCOMMON 00072
?___lmul                              cstackCOMMON 00072
?___lwdiv                             cstackCOMMON 00072
?___lwmod                             cstackCOMMON 00072
?_isqrt                               cstackCOMMON 00072
AT24CM02_GetAddress@block             cstackCOMMON 00072
AT24CM02_ReadBlock@block              cstackBANK0  00026
AT24CM02_WriteBlock@block             cstackBANK0  00026
CalculateSumOfSquares@GxSquare        cstackBANK0  00032
CalculateSumOfSquares@GySquare        cstackBANK0  00036
CalculateSumOfSquares@GzSquare        cstackBANK0  0003A
DisplayInfo@Gt                        cstackBANK0  0004E
DisplayInfo@cy                        cstackBANK0  00050
DisplayInfo@cz                        cstackBANK0  00052
FindDeltaG@HG                         stringtext   00564
FindDeltaG@LG                         stringtext   00568
GetGyroWithOffset@Goffset             cstackCOMMON 00074
GetGyroWithOffset@_temp               cstackCOMMON 00078
GetGyroWithOffset@value               cstackCOMMON 00072
Get_Accel_Values@cval                 cstackBANK0  00028
Get_HMC5883L_Values@cval              cstackBANK0  00029
GotInt_MPU6050@uc_temp                cstackBANK0  00025
LDByteReadI2C@Address                 cstackBANK0  00020
LDByteReadI2C@Data                    cstackBANK0  00021
LDByteReadI2C@Length                  cstackBANK0  00022
LDByteReadI2C@i2cSlaveAddress         cstackCOMMON 00079
LDByteSetAddress@LowAdd               cstackCOMMON 00076
LDByteSetAddress@i2cSlaveAddress      cstackCOMMON 00077
LDByteWriteI2C@ErrorCode              cstackBANK0  00021
LDByteWriteI2C@LowAdd                 cstackCOMMON 00078
LDByteWriteI2C@data                   cstackCOMMON 00079
LDByteWriteI2C@i2cSlaveAddress        cstackBANK0  00023
LDRAMReadI2C@Data                     cstackBANK0  00022
LDRAMReadI2C@HighAddress              cstackBANK0  00020
LDRAMReadI2C@Length                   cstackBANK0  00023
LDRAMReadI2C@LowAddress               cstackBANK0  00021
LDRAMReadI2C@i2cSlaveAddress          cstackCOMMON 00079
LDRAMSetAddress@HighAddress           cstackCOMMON 00076
LDRAMSetAddress@LowAddress            cstackCOMMON 00077
LDRAMSetAddress@i2cSlaveAddress       cstackCOMMON 00078
LDRAMWriteI2C@Data                    cstackBANK0  00022
LDRAMWriteI2C@HighAddress             cstackBANK0  00020
LDRAMWriteI2C@Length                  cstackBANK0  00023
LDRAMWriteI2C@LowAddress              cstackBANK0  00021
LDRAMWriteI2C@i2cSlaveAddress         cstackCOMMON 00079
LoadSetting@idx                       cstackCOMMON 00078
LoadSetting@pointer                   cstackCOMMON 00077
MPU6050_Test_I2C@Data                 cstackBANK0  00025
SaveSetting@idx                       cstackCOMMON 00078
SaveSetting@pointer                   cstackCOMMON 00077
Setup_MPU6050@MPU6050RegTable         stringtext   0053C
Setup_MPU6050@TheReg                  cstackBANK0  00028
Setup_MPU6050@loop                    cstackBANK0  00026
_ABDEN                                (abs)        00CF8
_ACKDT                                (abs)        010B5
_ACKEN                                (abs)        010B4
_ADCON0                               (abs)        0009D
_ADCON1                               (abs)        0009E
_ADGO                                 (abs)        004E9
_ADRES                                (abs)        0009B
_ANSELA                               (abs)        0018C
_APFCON                               (abs)        0011D
_AT24CM02_A0A7                        bssBANK0     00061
_AT24CM02_A16A17                      bssBANK0     00062
_AT24CM02_A8A15                       bssBANK0     00063
_AT24CM02_BlockID                     bssBANK0     00059
_AT24CM02_BlockIdx                    bssBANK0     0005D
_AT24CM02_GetAddress                  text52       00B0A
_AT24CM02_ReadBlock                   text42       00AB5
_AT24CM02_WriteBlock                  text40       00BA0
_AccGyroCount                         bssBANK0     0005F
_AccGyroX                             bssBANK1     000C0
_AccGyroY                             bssBANK1     000C4
_AccGyroZ                             bssBANK1     000C8
_BRG16                                (abs)        00CFB
_BRGH                                 (abs)        00CF2
_CARRY                                (abs)        00018
_CREN                                 (abs)        00CEC
_CalculateSumOfSquares                text32       00453
_CalculateSumOfSquares$323            cstackBANK0  0002C
_CalculateSumOfSquares$324            cstackBANK0  0002E
_CalculateSumOfSquares$325            cstackBANK0  00030
_CurrentData                          bssBANK1     000D0
_DisplayData                          text34       0067F
_DisplayInfo                          text19       00325
_EEADR                                (abs)        00191
_EECON1                               (abs)        00195
_EECON2                               (abs)        00196
_EEDATA                               (abs)        00193
_FVRCON                               (abs)        00117
_FindDeltaG                           text18       00C16
_GIE                                  (abs)        0005F
_GetGyroWithOffset                    text39       00D1E
_Get_Accel_Values                     text15       005E1
_Get_HMC5883L_Values                  text13       00D72
_GotInt_MPU6050                       text12       00951
_INTCON                               (abs)        0000B
_InFiFo                               bssBANK0     00064
_Init1msTimer                         text11       008CF
_LDByteReadI2C                        text16       00BD9
_LDByteSetAddress                     text17       008B3
_LDByteWriteI2C                       text14       00902
_LDRAMReadI2C                         text43       00C55
_LDRAMSetAddress                      text47       008DE
_LDRAMWriteI2C                        text41       00A6B
_LoadSetting                          text9        009B1
_MPU6050_Test_I2C                     text8        009CD
_Mode                                 dataBANK0    0006D
_NewMode                              bssBANK0     00065
_OPTION_REG                           (abs)        00095
_OSCCON                               (abs)        00099
_OutFiFo                              bssBANK0     00066
_PEIE                                 (abs)        0005E
_PEN                                  (abs)        010B2
_PORTA                                (abs)        0000C
_PR2                                  (abs)        0001B
_RCEN                                 (abs)        010B3
_RCIE                                 (abs)        0048D
_RCIF                                 (abs)        0008D
_RCREG                                (abs)        00199
_RCSTA                                (abs)        0019D
_RD                                   (abs)        00CA8
_RSEN                                 (abs)        010B1
_SCKP                                 (abs)        00CFC
_SEN                                  (abs)        010B0
_SPBRGH                               (abs)        0019C
_SPBRGL                               (abs)        0019B
_SPEN                                 (abs)        00CEF
_SSP1CON2                             (abs)        00216
_SSPADD                               (abs)        00212
_SSPBUF                               (abs)        00211
_SSPCON1                              (abs)        00215
_SSPCON2                              (abs)        00216
_SSPSTAT                              (abs)        00214
_SYNC                                 (abs)        00CF4
_SaveSetting                          text6        009E9
_SerialBuffer                         bssBANK1     000A0
_Setting                              bssBANK0     00067
_Setup_HMC5883L                       text5        00967
_Setup_MPU6050                        text4        00E2A
_T2CON                                (abs)        0001C
_TMR2                                 (abs)        0001A
_TMR2IE                               (abs)        00489
_TMR2IF                               (abs)        00089
_TRISA                                (abs)        0008C
_TRISA1                               (abs)        00461
_TRISA2                               (abs)        00462
_TXEN                                 (abs)        00CF5
_TXIE                                 (abs)        0048C
_TXIF                                 (abs)        0008C
_TXREG                                (abs)        0019A
_TXSTA                                (abs)        0019E
_TimerCrash                           bssBANK1     000CE
_Timerms                              bssCOMMON    0007A
_WPUA                                 (abs)        0020C
_WR                                   (abs)        00CA9
_WREN                                 (abs)        00CAA
__Babs1                               abs1         1E010
__Bbank0                              bank0        1E010
__Bbank1                              bank1        1E010
__Bbank10                             bank10       1E010
__Bbank11                             bank11       1E010
__Bbank12                             bank12       1E010
__Bbank13                             bank13       1E010
__Bbank14                             bank14       1E010
__Bbank15                             bank15       1E010
__Bbank16                             bank16       1E010
__Bbank17                             bank17       1E010
__Bbank18                             bank18       1E010
__Bbank19                             bank19       1E010
__Bbank2                              bank2        1E010
__Bbank20                             bank20       1E010
__Bbank21                             bank21       1E010
__Bbank22                             bank22       1E010
__Bbank23                             bank23       1E010
__Bbank24                             bank24       1E010
__Bbank25                             bank25       1E010
__Bbank26                             bank26       1E010
__Bbank27                             bank27       1E010
__Bbank28                             bank28       1E010
__Bbank29                             bank29       1E010
__Bbank3                              bank3        1E010
__Bbank30                             bank30       1E010
__Bbank31                             bank31       1E010
__Bbank4                              bank4        1E010
__Bbank5                              bank5        1E010
__Bbank6                              bank6        1E010
__Bbank7                              bank7        1E010
__Bbank8                              bank8        1E010
__Bbank9                              bank9        1E010
__Bbigram                             bigram       1E010
__BbssBANK0                           bssBANK0     1E010
__BbssBANK1                           bssBANK1     1E010
__BbssCOMMON                          bssCOMMON    1E010
__Bclrtext                            clrtext      1E010
__Bcode                               code         1E010
__Bcommon                             common       1E010
__BcstackBANK0                        cstackBANK0  1E010
__BcstackCOMMON                       cstackCOMMON 1E010
__BdataBANK0                          dataBANK0    1E010
__Beeprom_data                        eeprom_data  0F000
__BidataBANK0                         idataBANK0   1E010
__Bmaintext                           maintext     1E010
__Bram                                ram          1E010
__Bsfr0                               sfr0         1E010
__Bsfr1                               sfr1         1E010
__Bsfr10                              sfr10        1E010
__Bsfr11                              sfr11        1E010
__Bsfr12                              sfr12        1E010
__Bsfr13                              sfr13        1E010
__Bsfr14                              sfr14        1E010
__Bsfr15                              sfr15        1E010
__Bsfr16                              sfr16        1E010
__Bsfr17                              sfr17        1E010
__Bsfr18                              sfr18        1E010
__Bsfr19                              sfr19        1E010
__Bsfr2                               sfr2         1E010
__Bsfr20                              sfr20        1E010
__Bsfr21                              sfr21        1E010
__Bsfr22                              sfr22        1E010
__Bsfr23                              sfr23        1E010
__Bsfr24                              sfr24        1E010
__Bsfr25                              sfr25        1E010
__Bsfr26                              sfr26        1E010
__Bsfr27                              sfr27        1E010
__Bsfr28                              sfr28        1E010
__Bsfr29                              sfr29        1E010
__Bsfr3                               sfr3         1E010
__Bsfr30                              sfr30        1E010
__Bsfr31                              sfr31        1E010
__Bsfr4                               sfr4         1E010
__Bsfr5                               sfr5         1E010
__Bsfr6                               sfr6         1E010
__Bsfr7                               sfr7         1E010
__Bsfr8                               sfr8         1E010
__Bsfr9                               sfr9         1E010
__Bstrings                            strings      1E010
__Bstringtext                         stringtext   1E010
__Btext                               text         1E010
__CFG_BOREN$ON                        (abs)        00000
__CFG_BORV$LO                         (abs)        00000
__CFG_CLKOUTEN$OFF                    (abs)        00000
__CFG_CP$OFF                          (abs)        00000
__CFG_CPD$OFF                         (abs)        00000
__CFG_FCMEN$ON                        (abs)        00000
__CFG_FOSC$INTOSC                     (abs)        00000
__CFG_IESO$OFF                        (abs)        00000
__CFG_LVP$ON                          (abs)        00000
__CFG_MCLRE$ON                        (abs)        00000
__CFG_PLLEN$OFF                       (abs)        00000
__CFG_PWRTE$OFF                       (abs)        00000
__CFG_STVREN$ON                       (abs)        00000
__CFG_WDTE$OFF                        (abs)        00000
__CFG_WRT$OFF                         (abs)        00000
__Habs1                               abs1         00010
__Hbank0                              bank0        00010
__Hbank1                              bank1        00010
__Hbank10                             bank10       00010
__Hbank11                             bank11       00010
__Hbank12                             bank12       00010
__Hbank13                             bank13       00010
__Hbank14                             bank14       00010
__Hbank15                             bank15       00010
__Hbank16                             bank16       00010
__Hbank17                             bank17       00010
__Hbank18                             bank18       00010
__Hbank19                             bank19       00010
__Hbank2                              bank2        00010
__Hbank20                             bank20       00010
__Hbank21                             bank21       00010
__Hbank22                             bank22       00010
__Hbank23                             bank23       00010
__Hbank24                             bank24       00010
__Hbank25                             bank25       00010
__Hbank26                             bank26       00010
__Hbank27                             bank27       00010
__Hbank28                             bank28       00010
__Hbank29                             bank29       00010
__Hbank3                              bank3        00010
__Hbank30                             bank30       00010
__Hbank31                             bank31       00010
__Hbank4                              bank4        00010
__Hbank5                              bank5        00010
__Hbank6                              bank6        00010
__Hbank7                              bank7        00010
__Hbank8                              bank8        00010
__Hbank9                              bank9        00010
__Hbigram                             bigram       00010
__HbssBANK0                           bssBANK0     00010
__HbssBANK1                           bssBANK1     00010
__HbssCOMMON                          bssCOMMON    00010
__Hcinit                              cinit        00052
__Hclrtext                            clrtext      00010
__Hcode                               code         00010
__Hcommon                             common       00010
__Hconfig                             config       08009
__HcstackBANK0                        cstackBANK0  00010
__HcstackCOMMON                       cstackCOMMON 00010
__HdataBANK0                          dataBANK0    00010
__Heeprom_data                        eeprom_data  00008
__Hend_init                           end_init     00039
__Hfunctab                            functab      00000
__HidataBANK0                         idataBANK0   00010
__Hidloc                              idloc        00000
__Hinit                               init         00037
__Hintentry                           intentry     00037
__Hmaintext                           maintext     00010
__Hpowerup                            powerup      00000
__Hram                                ram          00010
__Hreset_vec                          reset_vec    00002
__Hsfr0                               sfr0         00010
__Hsfr1                               sfr1         00010
__Hsfr10                              sfr10        00010
__Hsfr11                              sfr11        00010
__Hsfr12                              sfr12        00010
__Hsfr13                              sfr13        00010
__Hsfr14                              sfr14        00010
__Hsfr15                              sfr15        00010
__Hsfr16                              sfr16        00010
__Hsfr17                              sfr17        00010
__Hsfr18                              sfr18        00010
__Hsfr19                              sfr19        00010
__Hsfr2                               sfr2         00010
__Hsfr20                              sfr20        00010
__Hsfr21                              sfr21        00010
__Hsfr22                              sfr22        00010
__Hsfr23                              sfr23        00010
__Hsfr24                              sfr24        00010
__Hsfr25                              sfr25        00010
__Hsfr26                              sfr26        00010
__Hsfr27                              sfr27        00010
__Hsfr28                              sfr28        00010
__Hsfr29                              sfr29        00010
__Hsfr3                               sfr3         00010
__Hsfr30                              sfr30        00010
__Hsfr31                              sfr31        00010
__Hsfr4                               sfr4         00010
__Hsfr5                               sfr5         00010
__Hsfr6                               sfr6         00010
__Hsfr7                               sfr7         00010
__Hsfr8                               sfr8         00010
__Hsfr9                               sfr9         00010
__Hspace_0                            (abs)        08009
__Hspace_1                            (abs)        000F0
__Hspace_2                            (abs)        00000
__Hspace_3                            (abs)        00008
__Hstack                              stack        00000
__Hstrings                            strings      00010
__Hstringtext                         stringtext   00010
__Htext                               text         00010
__Labs1                               abs1         00010
__Lbank0                              bank0        00010
__Lbank1                              bank1        00010
__Lbank10                             bank10       00010
__Lbank11                             bank11       00010
__Lbank12                             bank12       00010
__Lbank13                             bank13       00010
__Lbank14                             bank14       00010
__Lbank15                             bank15       00010
__Lbank16                             bank16       00010
__Lbank17                             bank17       00010
__Lbank18                             bank18       00010
__Lbank19                             bank19       00010
__Lbank2                              bank2        00010
__Lbank20                             bank20       00010
__Lbank21                             bank21       00010
__Lbank22                             bank22       00010
__Lbank23                             bank23       00010
__Lbank24                             bank24       00010
__Lbank25                             bank25       00010
__Lbank26                             bank26       00010
__Lbank27                             bank27       00010
__Lbank28                             bank28       00010
__Lbank29                             bank29       00010
__Lbank3                              bank3        00010
__Lbank30                             bank30       00010
__Lbank31                             bank31       00010
__Lbank4                              bank4        00010
__Lbank5                              bank5        00010
__Lbank6                              bank6        00010
__Lbank7                              bank7        00010
__Lbank8                              bank8        00010
__Lbank9                              bank9        00010
__Lbigram                             bigram       00010
__LbssBANK0                           bssBANK0     00010
__LbssBANK1                           bssBANK1     00010
__LbssCOMMON                          bssCOMMON    00010
__Lcinit                              cinit        00039
__Lclrtext                            clrtext      00010
__Lcode                               code         00010
__Lcommon                             common       00010
__Lconfig                             config       08007
__LcstackBANK0                        cstackBANK0  00010
__LcstackCOMMON                       cstackCOMMON 00010
__LdataBANK0                          dataBANK0    00010
__Leeprom_data                        eeprom_data  00000
__Lend_init                           end_init     00037
__Lfunctab                            functab      00000
__LidataBANK0                         idataBANK0   00010
__Lidloc                              idloc        00000
__Linit                               init         00037
__Lintentry                           intentry     00004
__Lmaintext                           maintext     00010
__Lpowerup                            powerup      00000
__Lram                                ram          00010
__Lreset_vec                          reset_vec    00000
__Lsfr0                               sfr0         00010
__Lsfr1                               sfr1         00010
__Lsfr10                              sfr10        00010
__Lsfr11                              sfr11        00010
__Lsfr12                              sfr12        00010
__Lsfr13                              sfr13        00010
__Lsfr14                              sfr14        00010
__Lsfr15                              sfr15        00010
__Lsfr16                              sfr16        00010
__Lsfr17                              sfr17        00010
__Lsfr18                              sfr18        00010
__Lsfr19                              sfr19        00010
__Lsfr2                               sfr2         00010
__Lsfr20                              sfr20        00010
__Lsfr21                              sfr21        00010
__Lsfr22                              sfr22        00010
__Lsfr23                              sfr23        00010
__Lsfr24                              sfr24        00010
__Lsfr25                              sfr25        00010
__Lsfr26                              sfr26        00010
__Lsfr27                              sfr27        00010
__Lsfr28                              sfr28        00010
__Lsfr29                              sfr29        00010
__Lsfr3                               sfr3         00010
__Lsfr30                              sfr30        00010
__Lsfr31                              sfr31        00010
__Lsfr4                               sfr4         00010
__Lsfr5                               sfr5         00010
__Lsfr6                               sfr6         00010
__Lsfr7                               sfr7         00010
__Lsfr8                               sfr8         00010
__Lsfr9                               sfr9         00010
__Lspace_0                            (abs)        00000
__Lspace_1                            (abs)        00000
__Lspace_2                            (abs)        00000
__Lspace_3                            (abs)        00000
__Lstack                              stack        00000
__Lstrings                            strings      00010
__Lstringtext                         stringtext   00010
__Ltext                               text         00010
__S0                                  (abs)        08009
__S1                                  (abs)        000F0
__S2                                  (abs)        00000
__S3                                  (abs)        0F008
___aldiv                              text30       00F7E
___aldiv@counter                      cstackBANK0  00021
___aldiv@dividend                     cstackCOMMON 00076
___aldiv@divisor                      cstackCOMMON 00072
___aldiv@quotient                     cstackBANK0  00023
___aldiv@sign                         cstackBANK0  00022
___int_sp                             stack        00000
___latbits                            (abs)        00001
___lmul                               text33       00B3A
___lmul@multiplicand                  cstackCOMMON 00076
___lmul@multiplier                    cstackCOMMON 00072
___lmul@product                       cstackBANK0  00020
___lwdiv                              text29       00B6C
___lwdiv@counter                      cstackCOMMON 00077
___lwdiv@dividend                     cstackCOMMON 00074
___lwdiv@divisor                      cstackCOMMON 00072
___lwdiv@quotient                     cstackCOMMON 00078
___lwmod                              text28       00ADE
___lwmod@counter                      cstackCOMMON 00077
___lwmod@dividend                     cstackCOMMON 00074
___lwmod@divisor                      cstackCOMMON 00072
___sp                                 stack        00000
__end_ofFindDeltaG@HG                 stringtext   00568
__end_ofFindDeltaG@LG                 stringtext   0056C
__end_ofSetup_MPU6050@MPU6050RegTable stringtext   00564
__end_of_AT24CM02_GetAddress          text52       00B3A
__end_of_AT24CM02_ReadBlock           text42       00ADE
__end_of_AT24CM02_WriteBlock          text40       00BD9
__end_of_CalculateSumOfSquares        text32       0053C
__end_of_DisplayData                  text34       00712
__end_of_DisplayInfo                  text19       00453
__end_of_FindDeltaG                   text18       00C55
__end_of_GetGyroWithOffset            text39       00D72
__end_of_Get_Accel_Values             text15       0067F
__end_of_Get_HMC5883L_Values          text13       00DC8
__end_of_GotInt_MPU6050               text12       00967
__end_of_Init1msTimer                 text11       008DE
__end_of_LDByteReadI2C                text16       00C16
__end_of_LDByteSetAddress             text17       008C0
__end_of_LDByteWriteI2C               text14       00915
__end_of_LDRAMReadI2C                 text43       00C96
__end_of_LDRAMSetAddress              text47       008EF
__end_of_LDRAMWriteI2C                text41       00A90
__end_of_LoadSetting                  text9        009CD
__end_of_MPU6050_Test_I2C             text8        009E9
__end_of_SaveSetting                  text6        00A06
__end_of_Setup_HMC5883L               text5        0097D
__end_of_Setup_MPU6050                text4        00E94
__end_of___aldiv                      text30       01000
__end_of___lmul                       text33       00B6C
__end_of___lwdiv                      text29       00BA0
__end_of___lwmod                      text28       00B0A
__end_of__initialization              cinit        0004E
__end_of_cputs                        text37       00929
__end_of_eeprom_read                  text10       00995
__end_of_eeprom_write                 text7        00A47
__end_of_i2c_Address                  text50       008CF
__end_of_i2c_Init                     text3        008B3
__end_of_i2c_Read                     text46       009B1
__end_of_i2c_Restart                  text45       00886
__end_of_i2c_Start                    text49       00881
__end_of_i2c_Stop                     text44       0088B
__end_of_i2c_Wait                     text51       008A7
__end_of_i2c_Write                    text48       00898
__end_of_isqrt                        text31       0079A
__end_of_isr                          intentry     00037
__end_of_itoa                         text26       00A6B
__end_of_main                         maintext     00325
__end_of_printCentiValue              text25       00F7E
__end_of_printDeciValue               text23       00F03
__end_of_printGForce                  text24       00CDA
__end_of_printGyro                    text22       00D1E
__end_of_printUShort                  text21       0093D
__end_of_printValue                   text20       00951
__end_of_printVersion                 text2        0089F
__end_of_printVoltage                 text1        00800
__end_of_putHex                       text35       00AB5
__end_of_putHexNibble                 text36       00902
__end_of_putch                        text38       00A24
__end_of_utoa                         text27       00E2A
__initialization                      cinit        00039
__pbssBANK0                           bssBANK0     00059
__pbssBANK1                           bssBANK1     000A0
__pbssCOMMON                          bssCOMMON    0007A
__pcstackBANK0                        cstackBANK0  00020
__pcstackCOMMON                       cstackCOMMON 00070
__pdataBANK0                          dataBANK0    0006D
__pidataBANK0                         idataBANK0   00003
__pintentry                           intentry     00004
__pmaintext                           maintext     00052
__pstringtext                         stringtext   0053C
__ptext1                              text1        0079A
__ptext10                             text10       0097D
__ptext11                             text11       008CF
__ptext12                             text12       00951
__ptext13                             text13       00D72
__ptext14                             text14       00902
__ptext15                             text15       005E1
__ptext16                             text16       00BD9
__ptext17                             text17       008B3
__ptext18                             text18       00C16
__ptext19                             text19       00325
__ptext2                              text2        00898
__ptext20                             text20       0093D
__ptext21                             text21       00929
__ptext22                             text22       00CDA
__ptext23                             text23       00E94
__ptext24                             text24       00C96
__ptext25                             text25       00F03
__ptext26                             text26       00A47
__ptext27                             text27       00DC8
__ptext28                             text28       00ADE
__ptext29                             text29       00B6C
__ptext3                              text3        008A7
__ptext30                             text30       00F7E
__ptext31                             text31       00712
__ptext32                             text32       00453
__ptext33                             text33       00B3A
__ptext34                             text34       0067F
__ptext35                             text35       00A90
__ptext36                             text36       008EF
__ptext37                             text37       00915
__ptext38                             text38       00A06
__ptext39                             text39       00D1E
__ptext4                              text4        00E2A
__ptext40                             text40       00BA0
__ptext41                             text41       00A6B
__ptext42                             text42       00AB5
__ptext43                             text43       00C55
__ptext44                             text44       00886
__ptext45                             text45       00881
__ptext46                             text46       00995
__ptext47                             text47       008DE
__ptext48                             text48       00891
__ptext49                             text49       0087C
__ptext5                              text5        00967
__ptext50                             text50       008C0
__ptext51                             text51       0089F
__ptext52                             text52       00B0A
__ptext6                              text6        009E9
__ptext7                              text7        00A24
__ptext8                              text8        009CD
__ptext9                              text9        009B1
__size_of_AT24CM02_GetAddress         (abs)        00000
__size_of_AT24CM02_ReadBlock          (abs)        00000
__size_of_AT24CM02_WriteBlock         (abs)        00000
__size_of_CalculateSumOfSquares       (abs)        00000
__size_of_DisplayData                 (abs)        00000
__size_of_DisplayInfo                 (abs)        00000
__size_of_FindDeltaG                  (abs)        00000
__size_of_GetGyroWithOffset           (abs)        00000
__size_of_Get_Accel_Values            (abs)        00000
__size_of_Get_HMC5883L_Values         (abs)        00000
__size_of_GotInt_MPU6050              (abs)        00000
__size_of_Init1msTimer                (abs)        00000
__size_of_LDByteReadI2C               (abs)        00000
__size_of_LDByteSetAddress            (abs)        00000
__size_of_LDByteWriteI2C              (abs)        00000
__size_of_LDRAMReadI2C                (abs)        00000
__size_of_LDRAMSetAddress             (abs)        00000
__size_of_LDRAMWriteI2C               (abs)        00000
__size_of_LoadSetting                 (abs)        00000
__size_of_MPU6050_Test_I2C            (abs)        00000
__size_of_SaveSetting                 (abs)        00000
__size_of_Setup_HMC5883L              (abs)        00000
__size_of_Setup_MPU6050               (abs)        00000
__size_of___aldiv                     (abs)        00000
__size_of___lmul                      (abs)        00000
__size_of___lwdiv                     (abs)        00000
__size_of___lwmod                     (abs)        00000
__size_of_cputs                       (abs)        00000
__size_of_eeprom_read                 (abs)        00000
__size_of_eeprom_write                (abs)        00000
__size_of_i2c_Address                 (abs)        00000
__size_of_i2c_Init                    (abs)        00000
__size_of_i2c_Read                    (abs)        00000
__size_of_i2c_Restart                 (abs)        00000
__size_of_i2c_Start                   (abs)        00000
__size_of_i2c_Stop                    (abs)        00000
__size_of_i2c_Wait                    (abs)        00000
__size_of_i2c_Write                   (abs)        00000
__size_of_isqrt                       (abs)        00000
__size_of_isr                         (abs)        00000
__size_of_itoa                        (abs)        00000
__size_of_main                        (abs)        00000
__size_of_printCentiValue             (abs)        00000
__size_of_printDeciValue              (abs)        00000
__size_of_printGForce                 (abs)        00000
__size_of_printGyro                   (abs)        00000
__size_of_printUShort                 (abs)        00000
__size_of_printValue                  (abs)        00000
__size_of_printVersion                (abs)        00000
__size_of_printVoltage                (abs)        00000
__size_of_putHex                      (abs)        00000
__size_of_putHexNibble                (abs)        00000
__size_of_putch                       (abs)        00000
__size_of_utoa                        (abs)        00000
_cputs                                text37       00915
_eeprom_read                          text10       0097D
_eeprom_write                         text7        00A24
_i2c_Address                          text50       008C0
_i2c_Init                             text3        008A7
_i2c_Read                             text46       00995
_i2c_Restart                          text45       00881
_i2c_Start                            text49       0087C
_i2c_Stop                             text44       00886
_i2c_Wait                             text51       0089F
_i2c_Write                            text48       00891
_isqrt                                text31       00712
_isr                                  intentry     00004
_itoa                                 text26       00A47
_main                                 maintext     00052
_printCentiValue                      text25       00F03
_printDeciValue                       text23       00E94
_printGForce                          text24       00C96
_printGyro                            text22       00CDA
_printUShort                          text21       00929
_printValue                           text20       0093D
_printVersion                         text2        00898
_printVoltage                         text1        0079A
_putHex                               text35       00A90
_putHexNibble                         text36       008EF
_putch                                text38       00A06
_utoa                                 text27       00DC8
btemp                                 (abs)        0007E
clear_ram0                            clrtext      0088B
cputs@s                               cstackCOMMON 00075
eeprom_read@addr                      cstackCOMMON 00075
eeprom_write@addr                     cstackCOMMON 00075
eeprom_write@value                    cstackCOMMON 00072
end_of_initialization                 cinit        0004E
i2c_Address@address                   cstackCOMMON 00074
i2c_Address@l_address                 cstackCOMMON 00075
i2c_Address@mode                      cstackCOMMON 00072
i2c_Read@ack                          cstackCOMMON 00073
i2c_Read@i2cReadData                  cstackCOMMON 00074
i2c_Write@data                        cstackCOMMON 00072
int$flags                             (abs)        0007E
intlevel0                             functab      00000
intlevel1                             functab      00000
intlevel2                             functab      00000
intlevel3                             functab      00000
intlevel4                             functab      00000
intlevel5                             functab      00000
isqrt@b                               cstackBANK0  00038
isqrt@bshft                           cstackBANK0  00030
isqrt@g                               cstackBANK0  00034
isqrt@temp                            cstackBANK0  0002C
isqrt@val                             cstackCOMMON 00072
itoa@base                             cstackBANK0  0002B
itoa@buf                              cstackBANK0  0002F
itoa@cp                               cstackBANK0  0002E
itoa@val                              cstackBANK0  00029
ltemp                                 (abs)        0007E
ltemp0                                (abs)        0007E
ltemp1                                (abs)        00082
ltemp2                                (abs)        00086
ltemp3                                (abs)        00080
main@UserKey                          cstackBANK0  00058
printCentiValue@T                     cstackBANK0  00044
printCentiValue@_lvalue               cstackBANK0  00046
printCentiValue@buffer                cstackBANK0  00034
printCentiValue@value                 cstackBANK0  00030
printDeciValue@T                      cstackBANK0  00044
printDeciValue@_lvalue                cstackBANK0  00046
printDeciValue@buffer                 cstackBANK0  00034
printDeciValue@value                  cstackBANK0  00030
printGForce@RawG                      cstackBANK0  0004A
printGyro@RawG                        cstackBANK0  0004A
printUShort@buffer                    cstackBANK0  0002B
printUShort@value                     cstackBANK0  00029
printValue@buffer                     cstackBANK0  00032
printValue@value                      cstackBANK0  00030
printVoltage@VDDValue                 cstackBANK0  0004D
printVoltage@value                    cstackBANK0  00051
putHex@value                          cstackBANK0  00020
putHexNibble@value                    cstackCOMMON 00076
putch@char_out                        cstackCOMMON 00073
putch@temp                            cstackCOMMON 00074
reset_vec                             reset_vec    00000
stackhi                               (abs)        020EF
stacklo                               (abs)        020A0
start                                 init         00037
start_initialization                  cinit        00039
ttemp                                 (abs)        0007E
ttemp0                                (abs)        0007E
ttemp1                                (abs)        00081
ttemp2                                (abs)        00084
ttemp3                                (abs)        00087
ttemp4                                (abs)        0007F
utoa@base                             cstackBANK0  00022
utoa@buf                              cstackBANK0  00028
utoa@c                                cstackBANK0  00027
utoa@v                                cstackBANK0  00025
utoa@val                              cstackBANK0  00020
wtemp                                 (abs)        0007E
wtemp0                                (abs)        0007E
wtemp1                                (abs)        00080
wtemp2                                (abs)        00082
wtemp3                                (abs)        00084
wtemp4                                (abs)        00086
wtemp5                                (abs)        00088
wtemp6                                (abs)        0007F


FUNCTION INFORMATION:

 *************** function _main *****************
 Defined at:
		line 621 in file "blueGyro.c"
 Parameters:    Size  Location     Type
		None
 Auto vars:     Size  Location     Type
  m_Timer         2    0        unsigned short 
  UserKey         1   56[BANK0 ] unsigned char 
 Return value:  Size  Location     Type
                  2  369[None  ] int 
 Registers used:
		wreg, fsr0l, fsr0h, fsr1l, fsr1h, status,2, status,0, pclath, cstack
 Tracked objects:
		On entry : 
		On exit  : 
		Unchanged: 
 Data sizes:     COMMON   BANK0   BANK1   BANK2
      Params:         0       0       0       0
      Locals:         0       1       0       0
      Temps:          0       4       0       0
      Totals:         0       5       0       0
Total ram usage:        5 bytes
 Hardware stack levels required when called:    7
 This function calls:
		_AT24CM02_ReadBlock
		_AT24CM02_WriteBlock
		_CalculateSumOfSquares
		_DisplayData
		_DisplayInfo
		_FindDeltaG
		_Get_Accel_Values
		_Get_HMC5883L_Values
		_GotInt_MPU6050
		_Init1msTimer
		_LoadSetting
		_MPU6050_Test_I2C
		_SaveSetting
		_Setup_HMC5883L
		_Setup_MPU6050
		___aldiv
		_cputs
		_i2c_Init
		_printVersion
		_printVoltage
 This function is called by:
		Startup code after reset
 This function uses a non-reentrant model


 *************** function _printVoltage *****************
 Defined at:
		line 574 in file "blueGyro.c"
 Parameters:    Size  Location     Type
		None
 Auto vars:     Size  Location     Type
  VDDValue        4   45[BANK0 ] long 
  value           2   49[BANK0 ] unsigned short 
 Return value:  Size  Location     Type
		None               void
 Registers used:
		wreg, fsr0l, fsr0h, fsr1l, fsr1h, status,2, status,0, pclath, cstack
 Tracked objects:
		On entry : 
		On exit  : 
		Unchanged: 
 Data sizes:     COMMON   BANK0   BANK1   BANK2
      Params:         0       0       0       0
      Locals:         0       6       0       0
      Temps:          0       3       0       0
      Totals:         0       9       0       0
Total ram usage:        9 bytes
 Hardware stack levels used:    1
 Hardware stack levels required when called:    5
 This function calls:
		___aldiv
		_cputs
		_printCentiValue
 This function is called by:
		_main
 This function uses a non-reentrant model


 *************** function _printVersion *****************
 Defined at:
		line 568 in file "blueGyro.c"
 Parameters:    Size  Location     Type
		None
 Auto vars:     Size  Location     Type
		None
 Return value:  Size  Location     Type
		None               void
 Registers used:
		wreg, fsr0l, fsr0h, fsr1l, fsr1h, status,2, status,0, pclath, cstack
 Tracked objects:
		On entry : 
		On exit  : 
		Unchanged: 
 Data sizes:     COMMON   BANK0   BANK1   BANK2
      Params:         0       0       0       0
      Locals:         0       0       0       0
      Temps:          0       0       0       0
      Totals:         0       0       0       0
Total ram usage:        0 bytes
 Hardware stack levels used:    1
 Hardware stack levels required when called:    3
 This function calls:
		_cputs
 This function is called by:
		_main
 This function uses a non-reentrant model


 *************** function _i2c_Init *****************
 Defined at:
		line 12 in file "i2cMaster.c"
 Parameters:    Size  Location     Type
		None
 Auto vars:     Size  Location     Type
		None
 Return value:  Size  Location     Type
		None               void
 Registers used:
		wreg, status,2
 Tracked objects:
		On entry : 
		On exit  : 
		Unchanged: 
 Data sizes:     COMMON   BANK0   BANK1   BANK2
      Params:         0       0       0       0
      Locals:         0       0       0       0
      Temps:          0       0       0       0
      Totals:         0       0       0       0
Total ram usage:        0 bytes
 Hardware stack levels used:    1
 Hardware stack levels required when called:    1
 This function calls:
		Nothing
 This function is called by:
		_main
 This function uses a non-reentrant model


 *************** function _Setup_MPU6050 *****************
 Defined at:
		line 27 in file "MPU6050.c"
 Parameters:    Size  Location     Type
		None
 Auto vars:     Size  Location     Type
  loop            2    6[BANK0 ] int 
  TheReg          1    8[BANK0 ] unsigned char 
 Return value:  Size  Location     Type
		None               void
 Registers used:
		wreg, fsr0l, fsr0h, status,2, status,0, pclath, cstack
 Tracked objects:
		On entry : 
		On exit  : 
		Unchanged: 
 Data sizes:     COMMON   BANK0   BANK1   BANK2
      Params:         0       0       0       0
      Locals:         0       3       0       0
      Temps:          0       2       0       0
      Totals:         0       5       0       0
Total ram usage:        5 bytes
 Hardware stack levels used:    1
 Hardware stack levels required when called:    5
 This function calls:
		_LDByteWriteI2C
 This function is called by:
		_main
 This function uses a non-reentrant model


 *************** function _Setup_HMC5883L *****************
 Defined at:
		line 9 in file "HMC5883L.c"
 Parameters:    Size  Location     Type
		None
 Auto vars:     Size  Location     Type
		None
 Return value:  Size  Location     Type
		None               void
 Registers used:
		wreg, status,2, status,0, pclath, cstack
 Tracked objects:
		On entry : 
		On exit  : 
		Unchanged: 
 Data sizes:     COMMON   BANK0   BANK1   BANK2
      Params:         0       0       0       0
      Locals:         0       0       0       0
      Temps:          0       1       0       0
      Totals:         0       1       0       0
Total ram usage:        1 bytes
 Hardware stack levels used:    1
 Hardware stack levels required when called:    5
 This function calls:
		_LDByteWriteI2C
 This function is called by:
		_main
 This function uses a non-reentrant model


 *************** function _SaveSetting *****************
 Defined at:
		line 212 in file "blueGyro.c"
 Parameters:    Size  Location     Type
		None
 Auto vars:     Size  Location     Type
  idx             1    8[COMMON] unsigned char 
  pointer         1    7[COMMON] PTR unsigned char 
		 -> Setting(6), 
 Return value:  Size  Location     Type
		None               void
 Registers used:
		wreg, fsr1l, fsr1h, status,2, status,0, pclath, cstack
 Tracked objects:
		On entry : 
		On exit  : 
		Unchanged: 
 Data sizes:     COMMON   BANK0   BANK1   BANK2
      Params:         0       0       0       0
      Locals:         2       0       0       0
      Temps:          1       0       0       0
      Totals:         3       0       0       0
Total ram usage:        3 bytes
 Hardware stack levels used:    1
 Hardware stack levels required when called:    2
 This function calls:
		_eeprom_write
 This function is called by:
		_main
 This function uses a non-reentrant model


 *************** function _eeprom_write *****************
 Defined at:
		line 6 in file "/Applications/microchip/xc8/v1.35/sources/pic/eewrite.c"
 Parameters:    Size  Location     Type
  addr            1    wreg     unsigned char 
  value           1    2[COMMON] unsigned char 
 Auto vars:     Size  Location     Type
  addr            1    5[COMMON] unsigned char 
 Return value:  Size  Location     Type
		None               void
 Registers used:
		wreg, status,2, status,0
 Tracked objects:
		On entry : 
		On exit  : 
		Unchanged: 
 Data sizes:     COMMON   BANK0   BANK1   BANK2
      Params:         1       0       0       0
      Locals:         1       0       0       0
      Temps:          2       0       0       0
      Totals:         4       0       0       0
Total ram usage:        4 bytes
 Hardware stack levels used:    1
 Hardware stack levels required when called:    1
 This function calls:
		Nothing
 This function is called by:
		_SaveSetting
 This function uses a non-reentrant model


 *************** function _MPU6050_Test_I2C *****************
 Defined at:
		line 9 in file "MPU6050.c"
 Parameters:    Size  Location     Type
		None
 Auto vars:     Size  Location     Type
  Data            1    5[BANK0 ] unsigned char 
 Return value:  Size  Location     Type
                  2   96[None  ] int 
 Registers used:
		wreg, fsr0l, fsr0h, fsr1l, fsr1h, status,2, status,0, pclath, cstack
 Tracked objects:
		On entry : 
		On exit  : 
		Unchanged: 
 Data sizes:     COMMON   BANK0   BANK1   BANK2
      Params:         0       0       0       0
      Locals:         0       1       0       0
      Temps:          0       2       0       0
      Totals:         0       3       0       0
Total ram usage:        3 bytes
 Hardware stack levels used:    1
 Hardware stack levels required when called:    5
 This function calls:
		_LDByteReadI2C
		_cputs
 This function is called by:
		_main
 This function uses a non-reentrant model


 *************** function _LoadSetting *****************
 Defined at:
		line 203 in file "blueGyro.c"
 Parameters:    Size  Location     Type
		None
 Auto vars:     Size  Location     Type
  idx             1    8[COMMON] unsigned char 
  pointer         1    7[COMMON] PTR unsigned char 
		 -> Setting(6), 
 Return value:  Size  Location     Type
		None               void
 Registers used:
		wreg, fsr1l, fsr1h, status,2, status,0, pclath, cstack
 Tracked objects:
		On entry : 
		On exit  : 
		Unchanged: 
 Data sizes:     COMMON   BANK0   BANK1   BANK2
      Params:         0       0       0       0
      Locals:         2       0       0       0
      Temps:          1       0       0       0
      Totals:         3       0       0       0
Total ram usage:        3 bytes
 Hardware stack levels used:    1
 Hardware stack levels required when called:    2
 This function calls:
		_eeprom_read
 This function is called by:
		_main
 This function uses a non-reentrant model


 *************** function _eeprom_read *****************
[...]
		line 305 in file "blueGyro.c"
 Parameters:    Size  Location     Type
  char_out        1    wreg     unsigned char 
 Auto vars:     Size  Location     Type
  char_out        1    3[COMMON] unsigned char 
  temp            1    4[COMMON] unsigned char 
 Return value:  Size  Location     Type
		None               void
 Registers used:
		wreg, fsr1l, fsr1h, status,2, status,0
 Tracked objects:
		On entry : 
		On exit  : 
		Unchanged: 
 Data sizes:     COMMON   BANK0   BANK1   BANK2
      Params:         0       0       0       0
      Locals:         2       0       0       0
      Temps:          1       0       0       0
      Totals:         3       0       0       0
Total ram usage:        3 bytes
 Hardware stack levels used:    1
 Hardware stack levels required when called:    1
 This function calls:
		Nothing
 This function is called by:
		_printCentiValue
		_printDeciValue
		_putHexNibble
		_cputs
 This function uses a non-reentrant model


 *************** function _GetGyroWithOffset *****************
 Defined at:
		line 222 in file "blueGyro.c"
 Parameters:    Size  Location     Type
  value           2    2[COMMON] short 
  Goffset         2    4[COMMON] short 
 Auto vars:     Size  Location     Type
  _temp           2    8[COMMON] short 
 Return value:  Size  Location     Type
                  2    2[COMMON] short 
 Registers used:
		wreg, status,2, status,0
 Tracked objects:
		On entry : 
		On exit  : 
		Unchanged: 
 Data sizes:     COMMON   BANK0   BANK1   BANK2
      Params:         4       0       0       0
      Locals:         2       0       0       0
      Temps:          2       0       0       0
      Totals:         8       0       0       0
Total ram usage:        8 bytes
 Hardware stack levels used:    1
 Hardware stack levels required when called:    1
 This function calls:
		Nothing
 This function is called by:
		_DisplayInfo
		_DisplayData
 This function uses a non-reentrant model


 *************** function _AT24CM02_WriteBlock *****************
 Defined at:
		line 27 in file "AT24CM02.c"
 Parameters:    Size  Location     Type
  block           2    6[BANK0 ] short 
 Auto vars:     Size  Location     Type
		None
 Return value:  Size  Location     Type
		None               void
 Registers used:
		wreg, fsr1l, fsr1h, status,2, status,0, pclath, cstack
 Tracked objects:
		On entry : 
		On exit  : 
		Unchanged: 
 Data sizes:     COMMON   BANK0   BANK1   BANK2
      Params:         0       2       0       0
      Locals:         0       0       0       0
      Temps:          0       4       0       0
      Totals:         0       6       0       0
Total ram usage:        6 bytes
 Hardware stack levels used:    1
 Hardware stack levels required when called:    5
 This function calls:
		_AT24CM02_GetAddress
		_LDRAMWriteI2C
 This function is called by:
		_main
 This function uses a non-reentrant model


 *************** function _LDRAMWriteI2C *****************
 Defined at:
		line 158 in file "i2cMaster.c"
 Parameters:    Size  Location     Type
  i2cSlaveAddr    1    wreg     unsigned char 
  HighAddress     1    0[BANK0 ] unsigned char 
  LowAddress      1    1[BANK0 ] unsigned char 
  Data            1    2[BANK0 ] PTR unsigned char 
		 -> CurrentData(32), 
  Length          1    3[BANK0 ] unsigned char 
 Auto vars:     Size  Location     Type
  i2cSlaveAddr    1    9[COMMON] unsigned char 
 Return value:  Size  Location     Type
		None               void
 Registers used:
		wreg, fsr1l, fsr1h, status,2, status,0, pclath, cstack
 Tracked objects:
		On entry : 
		On exit  : 
		Unchanged: 
 Data sizes:     COMMON   BANK0   BANK1   BANK2
      Params:         0       4       0       0
      Locals:         1       0       0       0
      Temps:          0       2       0       0
      Totals:         1       6       0       0
Total ram usage:        7 bytes
 Hardware stack levels used:    1
 Hardware stack levels required when called:    4
 This function calls:
		_LDRAMSetAddress
		_i2c_Stop
		_i2c_Write
 This function is called by:
		_AT24CM02_WriteBlock
 This function uses a non-reentrant model


 *************** function _AT24CM02_ReadBlock *****************
 Defined at:
		line 36 in file "AT24CM02.c"
 Parameters:    Size  Location     Type
  block           2    6[BANK0 ] short 
 Auto vars:     Size  Location     Type
		None
 Return value:  Size  Location     Type
		None               void
 Registers used:
		wreg, fsr1l, fsr1h, status,2, status,0, pclath, cstack
 Tracked objects:
		On entry : 
		On exit  : 
		Unchanged: 
 Data sizes:     COMMON   BANK0   BANK1   BANK2
      Params:         0       2       0       0
      Locals:         0       0       0       0
      Temps:          0       4       0       0
      Totals:         0       6       0       0
Total ram usage:        6 bytes
 Hardware stack levels used:    1
 Hardware stack levels required when called:    5
 This function calls:
		_AT24CM02_GetAddress
		_LDRAMReadI2C
 This function is called by:
		_main
 This function uses a non-reentrant model


 *************** function _LDRAMReadI2C *****************
 Defined at:
		line 166 in file "i2cMaster.c"
 Parameters:    Size  Location     Type
  i2cSlaveAddr    1    wreg     unsigned char 
  HighAddress     1    0[BANK0 ] unsigned char 
  LowAddress      1    1[BANK0 ] unsigned char 
  Data            1    2[BANK0 ] PTR unsigned char 
		 -> CurrentData(32), 
  Length          1    3[BANK0 ] unsigned char 
 Auto vars:     Size  Location     Type
  i2cSlaveAddr    1    9[COMMON] unsigned char 
 Return value:  Size  Location     Type
		None               void
 Registers used:
		wreg, fsr1l, fsr1h, status,2, status,0, pclath, cstack
 Tracked objects:
		On entry : 
		On exit  : 
		Unchanged: 
 Data sizes:     COMMON   BANK0   BANK1   BANK2
      Params:         0       4       0       0
      Locals:         1       0       0       0
      Temps:          0       2       0       0
      Totals:         1       6       0       0
Total ram usage:        7 bytes
 Hardware stack levels used:    1
 Hardware stack levels required when called:    4
 This function calls:
		_LDRAMSetAddress
		_i2c_Address
		_i2c_Read
		_i2c_Restart
		_i2c_Stop
 This function is called by:
		_AT24CM02_ReadBlock
 This function uses a non-reentrant model


 *************** function _i2c_Stop *****************
 Defined at:
		line 48 in file "i2cMaster.c"
 Parameters:    Size  Location     Type
		None
 Auto vars:     Size  Location     Type
		None
 Return value:  Size  Location     Type
		None               void
 Registers used:
		wreg, status,2, status,0, pclath, cstack
 Tracked objects:
		On entry : 
		On exit  : 
		Unchanged: 
 Data sizes:     COMMON   BANK0   BANK1   BANK2
      Params:         0       0       0       0
      Locals:         0       0       0       0
      Temps:          0       0       0       0
      Totals:         0       0       0       0
Total ram usage:        0 bytes
 Hardware stack levels used:    1
 Hardware stack levels required when called:    2
 This function calls:
		_i2c_Wait
 This function is called by:
		_LDByteWriteI2C
		_LDByteReadI2C
		_LDRAMWriteI2C
		_LDRAMReadI2C
 This function uses a non-reentrant model


 *************** function _i2c_Restart *****************
 Defined at:
		line 41 in file "i2cMaster.c"
 Parameters:    Size  Location     Type
		None
 Auto vars:     Size  Location     Type
		None
 Return value:  Size  Location     Type
		None               void
 Registers used:
		wreg, status,2, status,0, pclath, cstack
 Tracked objects:
		On entry : 
		On exit  : 
		Unchanged: 
 Data sizes:     COMMON   BANK0   BANK1   BANK2
      Params:         0       0       0       0
      Locals:         0       0       0       0
      Temps:          0       0       0       0
      Totals:         0       0       0       0
Total ram usage:        0 bytes
 Hardware stack levels used:    1
 Hardware stack levels required when called:    2
 This function calls:
		_i2c_Wait
 This function is called by:
		_LDByteReadI2C
		_LDRAMReadI2C
 This function uses a non-reentrant model


 *************** function _i2c_Read *****************
 Defined at:
		line 74 in file "i2cMaster.c"
 Parameters:    Size  Location     Type
  ack             1    wreg     unsigned char 
 Auto vars:     Size  Location     Type
  ack             1    3[COMMON] unsigned char 
  i2cReadData     1    4[COMMON] unsigned char 
 Return value:  Size  Location     Type
                  1    wreg      unsigned char 
 Registers used:
		wreg, status,2, status,0, pclath, cstack
 Tracked objects:
		On entry : 
		On exit  : 
		Unchanged: 
 Data sizes:     COMMON   BANK0   BANK1   BANK2
      Params:         0       0       0       0
      Locals:         2       0       0       0
      Temps:          1       0       0       0
      Totals:         3       0       0       0
Total ram usage:        3 bytes
 Hardware stack levels used:    1
 Hardware stack levels required when called:    2
 This function calls:
		_i2c_Wait
 This function is called by:
		_LDByteReadI2C
		_LDRAMReadI2C
 This function uses a non-reentrant model


 *************** function _LDRAMSetAddress *****************
 Defined at:
		line 150 in file "i2cMaster.c"
 Parameters:    Size  Location     Type
  i2cSlaveAddr    1    wreg     unsigned char 
  HighAddress     1    6[COMMON] unsigned char 
  LowAddress      1    7[COMMON] unsigned char 
 Auto vars:     Size  Location     Type
  i2cSlaveAddr    1    8[COMMON] unsigned char 
 Return value:  Size  Location     Type
		None               void
 Registers used:
		wreg, status,2, status,0, pclath, cstack
 Tracked objects:
		On entry : 
		On exit  : 
		Unchanged: 
 Data sizes:     COMMON   BANK0   BANK1   BANK2
      Params:         2       0       0       0
      Locals:         1       0       0       0
      Temps:          0       0       0       0
      Totals:         3       0       0       0
Total ram usage:        3 bytes
 Hardware stack levels used:    1
 Hardware stack levels required when called:    3
 This function calls:
		_i2c_Address
		_i2c_Start
		_i2c_Write
 This function is called by:
		_LDRAMWriteI2C
		_LDRAMReadI2C
 This function uses a non-reentrant model


 *************** function _i2c_Write *****************
 Defined at:
		line 55 in file "i2cMaster.c"
 Parameters:    Size  Location     Type
  data            1    wreg     unsigned char 
 Auto vars:     Size  Location     Type
  data            1    2[COMMON] unsigned char 
 Return value:  Size  Location     Type
		None               void
 Registers used:
		wreg, status,2, status,0, pclath, cstack
 Tracked objects:
		On entry : 
		On exit  : 
		Unchanged: 
 Data sizes:     COMMON   BANK0   BANK1   BANK2
      Params:         0       0       0       0
      Locals:         1       0       0       0
      Temps:          0       0       0       0
      Totals:         1       0       0       0
Total ram usage:        1 bytes
 Hardware stack levels used:    1
 Hardware stack levels required when called:    2
 This function calls:
		_i2c_Wait
 This function is called by:
		_LDByteSetAddress
		_LDByteWriteI2C
		_LDRAMSetAddress
		_LDRAMWriteI2C
 This function uses a non-reentrant model


 *************** function _i2c_Start *****************
 Defined at:
		line 34 in file "i2cMaster.c"
 Parameters:    Size  Location     Type
		None
 Auto vars:     Size  Location     Type
		None
 Return value:  Size  Location     Type
		None               void
 Registers used:
		wreg, status,2, status,0, pclath, cstack
 Tracked objects:
		On entry : 
		On exit  : 
		Unchanged: 
 Data sizes:     COMMON   BANK0   BANK1   BANK2
      Params:         0       0       0       0
      Locals:         0       0       0       0
      Temps:          0       0       0       0
      Totals:         0       0       0       0
Total ram usage:        0 bytes
 Hardware stack levels used:    1
 Hardware stack levels required when called:    2
 This function calls:
		_i2c_Wait
 This function is called by:
		_LDByteSetAddress
		_LDRAMSetAddress
 This function uses a non-reentrant model


 *************** function _i2c_Address *****************
 Defined at:
		line 63 in file "i2cMaster.c"
 Parameters:    Size  Location     Type
  address         1    wreg     unsigned char 
  mode            1    2[COMMON] unsigned char 
 Auto vars:     Size  Location     Type
  address         1    4[COMMON] unsigned char 
  l_address       1    5[COMMON] unsigned char 
 Return value:  Size  Location     Type
		None               void
 Registers used:
		wreg, status,2, status,0, pclath, cstack
 Tracked objects:
		On entry : 
		On exit  : 
		Unchanged: 
 Data sizes:     COMMON   BANK0   BANK1   BANK2
      Params:         1       0       0       0
      Locals:         2       0       0       0
      Temps:          1       0       0       0
      Totals:         4       0       0       0
Total ram usage:        4 bytes
 Hardware stack levels used:    1
 Hardware stack levels required when called:    2
 This function calls:
		_i2c_Wait
 This function is called by:
		_LDByteSetAddress
		_LDByteReadI2C
		_LDRAMSetAddress
		_LDRAMReadI2C
 This function uses a non-reentrant model


 *************** function _i2c_Wait *****************
 Defined at:
		line 29 in file "i2cMaster.c"
 Parameters:    Size  Location     Type
		None
 Auto vars:     Size  Location     Type
		None
 Return value:  Size  Location     Type
		None               void
 Registers used:
		wreg, status,2
 Tracked objects:
		On entry : 
		On exit  : 
		Unchanged: 
 Data sizes:     COMMON   BANK0   BANK1   BANK2
      Params:         0       0       0       0
      Locals:         0       0       0       0
      Temps:          0       0       0       0
      Totals:         0       0       0       0
Total ram usage:        0 bytes
 Hardware stack levels used:    1
 Hardware stack levels required when called:    1
 This function calls:
		Nothing
 This function is called by:
		_i2c_Start
		_i2c_Restart
		_i2c_Stop
		_i2c_Write
		_i2c_Address
		_i2c_Read
 This function uses a non-reentrant model


 *************** function _AT24CM02_GetAddress *****************
 Defined at:
		line 19 in file "AT24CM02.c"
 Parameters:    Size  Location     Type
  block           2    2[COMMON] short 
 Auto vars:     Size  Location     Type
		None
 Return value:  Size  Location     Type
		None               void
 Registers used:
		wreg, status,2, status,0
 Tracked objects:
		On entry : 
		On exit  : 
		Unchanged: 
 Data sizes:     COMMON   BANK0   BANK1   BANK2
      Params:         2       0       0       0
      Locals:         0       0       0       0
      Temps:          4       0       0       0
      Totals:         6       0       0       0
Total ram usage:        6 bytes
 Hardware stack levels used:    1
 Hardware stack levels required when called:    1
 This function calls:
		Nothing
 This function is called by:
		_AT24CM02_WriteBlock
		_AT24CM02_ReadBlock
 This function uses a non-reentrant model


 *************** function _isr *****************
 Defined at:
		line 274 in file "blueGyro.c"
 Parameters:    Size  Location     Type
		None
 Auto vars:     Size  Location     Type
		None
 Return value:  Size  Location     Type
		None               void
 Registers used:
		wreg, fsr1l, fsr1h, status,2, status,0
 Tracked objects:
		On entry : 
		On exit  : 
		Unchanged: 
 Data sizes:     COMMON   BANK0   BANK1   BANK2
      Params:         0       0       0       0
      Locals:         0       0       0       0
      Temps:          2       0       0       0
      Totals:         2       0       0       0
Total ram usage:        2 bytes
 Hardware stack levels used:    1
 This function calls:
		Nothing
 This function is called by:
		Interrupt level 1
 This function uses a non-reentrant model



MODULE INFORMATION

Module		Function		Class		Link	Load	Size
blueGyro.c
		_printUShort   		CODE           	0929	0000	21
		_FindDeltaG    		CODE           	0C16	0000	64
		_putch         		CODE           	0A06	0000	31
		_printGForce   		CODE           	0C96	0000	69
		_isqrt         		CODE           	0712	0000	137
		_main          		CODE           	0052	0000	724
		_printGyro     		CODE           	0CDA	0000	69
		_putHexNibble  		CODE           	08EF	0000	20
		_isr           		CODE           	0004	0000	52
		_putHex        		CODE           	0A90	0000	38
		_SaveSetting   		CODE           	09E9	0000	30
		_printVoltage  		CODE           	079A	0000	103
		_printCentiValue		CODE           	0F03	0000	124
		_printVersion  		CODE           	0898	0000	8
		_printDeciValue		CODE           	0E94	0000	112
		_Init1msTimer  		CODE           	08CF	0000	16
		_CalculateSumOfSquares		CODE           	0453	0000	234
		_DisplayData   		CODE           	067F	0000	148
		_GetGyroWithOffset		CODE           	0D1E	0000	85
		_DisplayInfo   		CODE           	0325	0000	303
		_LoadSetting   		CODE           	09B1	0000	29
		_printValue    		CODE           	093D	0000	21

blueGyro.c estimated size: 2438

MPU6050.c
		_MPU6050_Test_I2C		CODE           	09CD	0000	29
		_Setup_MPU6050 		CODE           	0E2A	0000	107
		_Get_Accel_Values		CODE           	05E1	0000	159
		_GotInt_MPU6050		CODE           	0951	0000	23

MPU6050.c estimated size: 318

i2cMaster.c
		_i2c_Address   		CODE           	08C0	0000	16
		_i2c_Write     		CODE           	0891	0000	8
		_LDRAMWriteI2C 		CODE           	0A6B	0000	38
		_i2c_Stop      		CODE           	0886	0000	6
		_i2c_Wait      		CODE           	089F	0000	9
		_i2c_Read      		CODE           	0995	0000	29
		_LDByteWriteI2C		CODE           	0902	0000	20
		_i2c_Init      		CODE           	08A7	0000	13
		_LDRAMSetAddress		CODE           	08DE	0000	18
		_LDRAMReadI2C  		CODE           	0C55	0000	66
		_LDByteSetAddress		CODE           	08B3	0000	14
		_i2c_Start     		CODE           	087C	0000	6
		_i2c_Restart   		CODE           	0881	0000	6
		_LDByteReadI2C 		CODE           	0BD9	0000	62

i2cMaster.c estimated size: 311

/Applications/microchip/xc8/v1.35/sources/common/cputs.c
		_cputs         		CODE           	0915	0000	21

/Applications/microchip/xc8/v1.35/sources/common/cputs.c estimated size: 21

/Applications/microchip/xc8/v1.35/sources/common/lwmod.c
		___lwmod       		CODE           	0ADE	0000	45

/Applications/microchip/xc8/v1.35/sources/common/lwmod.c estimated size: 45

AT24CM02.c
		_AT24CM02_WriteBlock		CODE           	0BA0	0000	58
		_AT24CM02_ReadBlock		CODE           	0AB5	0000	42
		_AT24CM02_GetAddress		CODE           	0B0A	0000	49

AT24CM02.c estimated size: 149

/Applications/microchip/xc8/v1.35/sources/common/Umul32.c
		___lmul        		CODE           	0B3A	0000	51

/Applications/microchip/xc8/v1.35/sources/common/Umul32.c estimated size: 51

/Applications/microchip/xc8/v1.35/sources/pic/eeread.c
		_eeprom_read   		CODE           	097D	0000	25

/Applications/microchip/xc8/v1.35/sources/pic/eeread.c estimated size: 25

/Applications/microchip/xc8/v1.35/sources/common/lwdiv.c
		___lwdiv       		CODE           	0B6C	0000	53

/Applications/microchip/xc8/v1.35/sources/common/lwdiv.c estimated size: 53

/Applications/microchip/xc8/v1.35/sources/pic/eewrite.c
		_eeprom_write  		CODE           	0A24	0000	36

/Applications/microchip/xc8/v1.35/sources/pic/eewrite.c estimated size: 36

shared
		__initialization		CODE           	0039	0000	22
		Setup_MPU6050@MPU6050RegTable		STRCODE        	053C	0000	41
		FindDeltaG@HG  		STRCODE        	0564	0000	5
		FindDeltaG@LG  		STRCODE        	0568	0000	5

shared estimated size: 73

/Applications/microchip/xc8/v1.35/sources/common/aldiv.c
		___aldiv       		CODE           	0F7E	0000	131

/Applications/microchip/xc8/v1.35/sources/common/aldiv.c estimated size: 131

HMC5883L.c
		_Get_HMC5883L_Values		CODE           	0D72	0000	87
		_Setup_HMC5883L		CODE           	0967	0000	23

HMC5883L.c estimated size: 110

/Applications/microchip/xc8/v1.35/sources/common/itoa.c
		_itoa          		CODE           	0A47	0000	37
		_utoa          		CODE           	0DC8	0000	99

/Applications/microchip/xc8/v1.35/sources/common/itoa.c estimated size: 136

