Microchip MPLAB XC8 Compiler V1.35 ()

Linker command line:

--edf=/Applications/microchip/xc8/v1.35/dat/en_msgs.txt \
  --UDF=html/blueGyro.X.production.link.html -cs \
  -h+dist/default/production/blueGyro.X.production.sym \
  --cmf=dist/default/production/blueGyro.X.production.cmf -z -Q12F1840 \
  -o/tmp/xcve40N0D -Mdist/default/production/blueGyro.X.production.map -E1 \
  -ver=XC8 -ASTACK=0209Eh-020efh -pstack=STACK -ACODE=00h-07FFhx2 \
  -ASTRCODE=00h-0FFFh -ASTRING=00h-0FFhx16 -ACONST=00h-0FFhx16 \
  -AENTRY=00h-0FFhx16 -ACOMMON=070h-07Fh -ABANK0=020h-06Fh \
  -ABANK1=0A0h-0EFh -ABANK2=0120h-016Fh -ABIGRAM=02000h-020EFh \
  -ARAM=020h-06Fh,0A0h-0EFh,0120h-016Fh \
  -AABS1=020h-07Fh,0A0h-0EFh,0120h-016Fh -ASFR0=00h-01Fh -ASFR1=080h-09Fh \
  -ASFR2=0100h-011Fh -ASFR3=0180h-01EFh -ASFR4=0200h-026Fh \
  -ASFR5=0280h-02EFh -ASFR6=0300h-036Fh -ASFR7=0380h-03EFh \
  -ASFR8=0400h-046Fh -ASFR9=0480h-04EFh -ASFR10=0500h-056Fh \
  -ASFR11=0580h-05EFh -ASFR12=0600h-066Fh -ASFR13=0680h-06EFh \
  -ASFR14=0700h-076Fh -ASFR15=0780h-07EFh -ASFR16=0800h-086Fh \
  -ASFR17=0880h-08EFh -ASFR18=0900h-096Fh -ASFR19=0980h-09EFh \
  -ASFR20=0A00h-0A6Fh -ASFR21=0A80h-0AEFh -ASFR22=0B00h-0B6Fh \
  -ASFR23=0B80h-0BEFh -ASFR24=0C00h-0C6Fh -ASFR25=0C80h-0CEFh \
  -ASFR26=0D00h-0D6Fh -ASFR27=0D80h-0DEFh -ASFR28=0E00h-0E6Fh \
  -ASFR29=0E80h-0EEFh -ASFR30=0F00h-0F6Fh -ASFR31=0F80h-0FEFh \
  -preset_vec=00h,intentry=04h,init,end_init -ppowerup=CODE -pcinit=CODE \
  -pfunctab=CODE -ACONFIG=08007h-08008h -pconfig=CONFIG -DCONFIG=2 \
  -AIDLOC=08000h-08003h -pidloc=IDLOC -DIDLOC=2 -AEEDATA=00h-0FFh/0F000h \
  -peeprom_data=EEDATA -DEEDATA=2 -DCODE=2 -DSTRCODE=2 -DSTRING=2 -DCONST=2 \
  -DENTRY=2 --MS=program,0,1000,800 --MS=data,0,1000,80 -k \
  /tmp/xcDkT5Wuv.obj dist/default/production/blueGyro.X.production.obj 

Object code version is 3.11

Machine type is 12F1840

MEMORY SPACES

                Name           Low     High     Page
                program          0      FFF      800
                data             0      FFF       80


                Name                               Link     Load   Length Selector   Space         Scale
/tmp/xcDkT5Wuv.obj
                end_init                             37       37        2        8      program
                reset_vec                             0        0        2        0      program
                config                             8007     8007        2    1000E      program
dist/default/production/blueGyro.X.production.obj
                cinit                                39       39       16        8      program
                intentry                              4        4       33        8      program
                eeprom_data                           0     F000        8    1E000      Unknown
                text48                              C27      C27       54     184E      program
                text47                              994      994       1E     1328      program
                text46                              8A5      8A5       14     114A      program
                text45                              892      892       13     1124      program
                text44                              9F8      9F8       25     13F0      program
                text43                              694      694       90      A1A      program
                text42                              A77      A77       32     14EE      program
                text41                              50D      50D       E9      A1A      program
                text40                              F78      F78       88     1EF0      program
                text39                              EF6      EF6       82     1DEC      program
                text38                              7AD      7AD       53      A1A      program
                text37                              B5C      B5C       43     16B8      program
                text36                              724      724       89      A1A      program
                text35                              A49      A49       2E     1492      program
                text34                              AA9      AA9       34     1552      program
                text33                              A1D      A1D       2C     143A      program
                text32                              CD1      CD1       62     19A2      program
                text31                              E77      E77       7F     1CEE      program
                text30                              B9F      B9F       44     173E      program
                text29                              E04      E04       73     1C08      program
                text28                              BE3      BE3       44     17C6      program
                text27                              8B9      8B9       14     1172      program
                text26                              8F7      8F7       18     11EE      program
                text25                              2A1      2A1      13A        8      program
                text24                              ADD      ADD       3F     15BA      program
                text23                              860      860        8     10C0      program
                text22                              874      874        F     10E8      program
                text21                              93F      93F       1C     127E      program
                text20                              83D      83D        5     107A      program
                text19                              842      842        5     1084      program
                text18                              847      847        5     108E      program
                text17                              852      852        7     10A4      program
                text16                              B1C      B1C       40     1638      program
                text15                              5F6      5F6       9E      A1A      program
                text14                              90F      90F       18     121E      program
                text13                              C7B      C7B       56     18F6      program
                text12                              8E1      8E1       16     11C2      program
                text11                              883      883        F     1106      program
                text10                              927      927       18     124E      program
                text9                               95B      95B       1C     12B6      program
                text8                               9B2      9B2       23     1364      program
                text7                               9D5      9D5       23     13AA      program
                text6                               977      977       1D     12EE      program
                text5                               8CD      8CD       14     119A      program
                text4                               D99      D99       6B     1B32      program
                text3                               868      868        C     10D0      program
                text2                               859      859        7     10B2      program
                text1                               D33      D33       66     1A66      program
                maintext                             4F       4F      252        8      program
                cstackBANK0                          20       20       45       20         data
                cstackCOMMON                         70       70        A       70         data
                clrtext                             84C      84C        6     1098      program
                bssBANK1                             A0       A0       4E       A0         data
                dataBANK0                            6A       6A        1       20         data
                bssBANK0                             65       65        5       20         data
                bssCOMMON                            7A       7A        2       70         data
                stringtext                          3DB      3DB      132      7B6      program
                idataBANK0                            3        3        1        6      program

TOTAL           Name                               Link     Load   Length     Space
        CLASS   STACK          

        CLASS   CODE           
                end_init                             37       37        2    program   
                cinit                                39       39       16    program   
                intentry                              4        4       33    program   
                reset_vec                             0        0        2    program   
                text48                              C27      C27       54    program   
                text47                              994      994       1E    program   
                text46                              8A5      8A5       14    program   
                text45                              892      892       13    program   
                text44                              9F8      9F8       25    program   
                text43                              694      694       90    program   
                text42                              A77      A77       32    program   
                text41                              50D      50D       E9    program   
                text40                              F78      F78       88    program   
                text39                              EF6      EF6       82    program   
                text38                              7AD      7AD       53    program   
                text37                              B5C      B5C       43    program   
                text36                              724      724       89    program   
                text35                              A49      A49       2E    program   
                text34                              AA9      AA9       34    program   
                text33                              A1D      A1D       2C    program   
                text32                              CD1      CD1       62    program   
                text31                              E77      E77       7F    program   
                text30                              B9F      B9F       44    program   
                text29                              E04      E04       73    program   
                text28                              BE3      BE3       44    program   
                text27                              8B9      8B9       14    program   
                text26                              8F7      8F7       18    program   
                text25                              2A1      2A1      13A    program   
                text24                              ADD      ADD       3F    program   
                text23                              860      860        8    program   
                text22                              874      874        F    program   
                text21                              93F      93F       1C    program   
                text20                              83D      83D        5    program   
                text19                              842      842        5    program   
                text18                              847      847        5    program   
                text17                              852      852        7    program   
                text16                              B1C      B1C       40    program   
                text15                              5F6      5F6       9E    program   
                text14                              90F      90F       18    program   
                text13                              C7B      C7B       56    program   
                text12                              8E1      8E1       16    program   
                text11                              883      883        F    program   
                text10                              927      927       18    program   
                text9                               95B      95B       1C    program   
                text8                               9B2      9B2       23    program   
                text7                               9D5      9D5       23    program   
                text6                               977      977       1D    program   
                text5                               8CD      8CD       14    program   
                text4                               D99      D99       6B    program   
                text3                               868      868        C    program   
                text2                               859      859        7    program   
                text1                               D33      D33       66    program   
                maintext                             4F       4F      252    program   
                clrtext                             84C      84C        6    program   
                idataBANK0                            3        3        1    program   

        CLASS   STRCODE        
                stringtext                          3DB      3DB      132    program   

        CLASS   STRING         

        CLASS   CONST          

        CLASS   ENTRY          

        CLASS   COMMON         
                cstackCOMMON                         70       70        A    data      
                bssCOMMON                            7A       7A        2    data      

        CLASS   BANK0          
                cstackBANK0                          20       20       45    data      
                dataBANK0                            6A       6A        1    data      
                bssBANK0                             65       65        5    data      

        CLASS   BANK1          
                bssBANK1                             A0       A0       4E    data      

        CLASS   BANK2          

        CLASS   BIGRAM         

        CLASS   RAM            

        CLASS   ABS1           
                abs_s1                               7E       7E        2    data      

        CLASS   SFR0           

        CLASS   SFR1           

        CLASS   SFR2           

        CLASS   SFR3           

        CLASS   SFR4           

        CLASS   SFR5           

        CLASS   SFR6           

        CLASS   SFR7           

        CLASS   SFR8           

        CLASS   SFR9           

        CLASS   SFR10          

        CLASS   SFR11          

        CLASS   SFR12          

        CLASS   SFR13          

        CLASS   SFR14          

        CLASS   SFR15          

        CLASS   SFR16          

        CLASS   SFR17          

        CLASS   SFR18          

        CLASS   SFR19          

        CLASS   SFR20          

        CLASS   SFR21          

        CLASS   SFR22          

        CLASS   SFR23          

        CLASS   SFR24          

        CLASS   SFR25          

        CLASS   SFR26          

        CLASS   SFR27          

        CLASS   SFR28          

        CLASS   SFR29          

        CLASS   SFR30          

        CLASS   SFR31          

        CLASS   CONFIG         
                config                             8007     8007        2    program   

        CLASS   IDLOC          

        CLASS   EEDATA         
                eeprom_data                           0     F000        8    Unknown   

        CLASS   BANK31         

        CLASS   BANK30         

        CLASS   BANK29         

        CLASS   BANK28         

        CLASS   BANK27         

        CLASS   BANK26         

        CLASS   BANK25         

        CLASS   BANK24         

        CLASS   BANK23         

        CLASS   BANK22         

        CLASS   BANK21         

        CLASS   BANK20         

        CLASS   BANK19         

        CLASS   BANK18         

        CLASS   BANK17         

        CLASS   BANK16         

        CLASS   BANK15         

        CLASS   BANK14         

        CLASS   BANK13         

        CLASS   BANK12         

        CLASS   BANK11         

        CLASS   BANK10         

        CLASS   BANK9          

        CLASS   BANK8          

        CLASS   BANK7          

        CLASS   BANK6          

        CLASS   BANK5          

        CLASS   BANK4          

        CLASS   BANK3          



SEGMENTS        Name                           Load    Length   Top    Selector   Space  Class     Delta

                reset_vec                      000000  000002  000002         0     program     CODE        2
                idataBANK0                     000003  000001  000004         6     program     CODE        2
                intentry                       000004  0003D7  0003DB         8     program     CODE        2
                cstackBANK0                    000020  00004B  00006B        20     data        BANK0       1
                cstackCOMMON                   000070  00000C  00007C        70     data        COMMON      1
                bssBANK1                       0000A0  00004E  0000EE        A0     data        BANK1       1
                stringtext                     0003DB  000132  00050D       7B6     program     STRCODE     2
                text41                         00050D  0002F3  000800       A1A     program     CODE        2
                text20                         00083D  000005  000842      107A     program     CODE        2
                text19                         000842  000005  000847      1084     program     CODE        2
                text18                         000847  000005  00084C      108E     program     CODE        2
                clrtext                        00084C  000006  000852      1098     program     CODE        2
                text17                         000852  000007  000859      10A4     program     CODE        2
                text2                          000859  000007  000860      10B2     program     CODE        2
                text23                         000860  000008  000868      10C0     program     CODE        2
                text3                          000868  00000C  000874      10D0     program     CODE        2
                text22                         000874  00000F  000883      10E8     program     CODE        2
                text11                         000883  00000F  000892      1106     program     CODE        2
                text45                         000892  000013  0008A5      1124     program     CODE        2
                text46                         0008A5  000014  0008B9      114A     program     CODE        2
                text27                         0008B9  000014  0008CD      1172     program     CODE        2
                text5                          0008CD  000014  0008E1      119A     program     CODE        2
                text12                         0008E1  000016  0008F7      11C2     program     CODE        2
                text26                         0008F7  000018  00090F      11EE     program     CODE        2
                text14                         00090F  000018  000927      121E     program     CODE        2
                text10                         000927  000018  00093F      124E     program     CODE        2
                text21                         00093F  00001C  00095B      127E     program     CODE        2
                text9                          00095B  00001C  000977      12B6     program     CODE        2
                text6                          000977  00001D  000994      12EE     program     CODE        2
                text47                         000994  00001E  0009B2      1328     program     CODE        2
                text8                          0009B2  000023  0009D5      1364     program     CODE        2
                text7                          0009D5  000023  0009F8      13AA     program     CODE        2
                text44                         0009F8  000025  000A1D      13F0     program     CODE        2
                text33                         000A1D  00002C  000A49      143A     program     CODE        2
                text35                         000A49  00002E  000A77      1492     program     CODE        2
                text42                         000A77  000032  000AA9      14EE     program     CODE        2
                text34                         000AA9  000034  000ADD      1552     program     CODE        2
                text24                         000ADD  00003F  000B1C      15BA     program     CODE        2
                text16                         000B1C  000040  000B5C      1638     program     CODE        2
                text37                         000B5C  000043  000B9F      16B8     program     CODE        2
                text30                         000B9F  000044  000BE3      173E     program     CODE        2
                text28                         000BE3  000044  000C27      17C6     program     CODE        2
                text48                         000C27  000054  000C7B      184E     program     CODE        2
                text13                         000C7B  000056  000CD1      18F6     program     CODE        2
                text32                         000CD1  000062  000D33      19A2     program     CODE        2
                text1                          000D33  000066  000D99      1A66     program     CODE        2
                text4                          000D99  00006B  000E04      1B32     program     CODE        2
                text29                         000E04  000073  000E77      1C08     program     CODE        2
                text31                         000E77  00007F  000EF6      1CEE     program     CODE        2
                text39                         000EF6  000082  000F78      1DEC     program     CODE        2
                text40                         000F78  000088  001000      1EF0     program     CODE        2
                config                         008007  000002  008009     1000E     program     CONFIG      2
                eeprom_data                    00F000  000008  00F008     1E000     Unknown     EEDATA      2


UNUSED ADDRESS RANGES

        Name                Unused          Largest block    Delta
        BANK0            0006B-0006F               5           1
        BANK1            000EE-000EF               2           1
        BANK2            00120-0016F              50           1
        BIGRAM           02000-020EF              F0           1
        CODE             00002-00002               1           2
                         00800-0083C              3D
        COMMON           0007C-0007D               2           1
        CONST            00002-00002               1           2
                         00800-0083C              3D
        EEDATA           0F008-0F0FF              F8           2
        ENTRY            00002-00002               1           2
                         00800-0083C              3D
        IDLOC            08000-08003               4           2
        RAM              0006B-0006F               5           1
                         000EE-000EF               2
                         00120-0016F              50
        SFR0             00000-0001F              20           1
        SFR1             00080-0009F              20           1
        SFR10            00500-0056F              70           1
        SFR11            00580-005EF              70           1
        SFR12            00600-0066F              70           1
        SFR13            00680-006EF              70           1
        SFR14            00700-0076F              70           1
        SFR15            00780-007EF              70           1
        SFR16            00800-0086F              70           1
        SFR17            00880-008EF              70           1
        SFR18            00900-0096F              70           1
        SFR19            00980-009EF              70           1
        SFR2             00100-0011F              20           1
        SFR20            00A00-00A6F              70           1
        SFR21            00A80-00AEF              70           1
        SFR22            00B00-00B6F              70           1
        SFR23            00B80-00BEF              70           1
        SFR24            00C00-00C6F              70           1
        SFR25            00C80-00CEF              70           1
        SFR26            00D00-00D6F              70           1
        SFR27            00D80-00DEF              70           1
        SFR28            00E00-00E6F              70           1
        SFR29            00E80-00EEF              70           1
        SFR3             00180-001EF              70           1
        SFR30            00F00-00F6F              70           1
        SFR31            00F80-00FEF              70           1
        SFR4             00200-0026F              70           1
        SFR5             00280-002EF              70           1
        SFR6             00300-0036F              70           1
        SFR7             00380-003EF              70           1
        SFR8             00400-0046F              70           1
        SFR9             00480-004EF              70           1
        STACK            0209E-020EF              52           1
        STRCODE          00002-00002               1           2
                         00800-0083C              3D
        STRING           00002-00002               1           2
                         00800-0083C              3D

                                  Symbol Table

?_GetGyroWithOffset                   cstackCOMMON 00072
?___aldiv                             cstackCOMMON 00072
?___lldiv                             cstackCOMMON 00072
?___llmod                             cstackCOMMON 00072
?___lmul                              cstackCOMMON 00072
?___lwdiv                             cstackCOMMON 00072
?___lwmod                             cstackCOMMON 00072
?_isqrt                               cstackCOMMON 00072
CalculateSumOfSquares@GxSquare        cstackBANK0  00032
CalculateSumOfSquares@GySquare        cstackBANK0  00036
CalculateSumOfSquares@GzSquare        cstackBANK0  0003A
DisplayInfo@Gt                        cstackBANK0  0005A
DisplayInfo@cy                        cstackBANK0  0005C
DisplayInfo@cz                        cstackBANK0  0005E
FindDeltaG@HG                         stringtext   00424
FindDeltaG@LG                         stringtext   00428
GetGyroWithOffset@Goffset             cstackCOMMON 00074
GetGyroWithOffset@_temp               cstackCOMMON 00078
GetGyroWithOffset@value               cstackCOMMON 00072
Get_Accel_Values@cval                 cstackBANK0  00026
Get_HMC5883L_Values@cval              cstackBANK0  00028
GotInt_MPU6050@uc_temp                cstackBANK0  00023
LDByteReadI2C@Address                 cstackCOMMON 00076
LDByteReadI2C@Data                    cstackCOMMON 00077
LDByteReadI2C@Length                  cstackCOMMON 00078
LDByteReadI2C@i2cSlaveAddress         cstackBANK0  00020
LDByteWriteI2C@ErrorCode              cstackBANK0  00020
LDByteWriteI2C@LowAdd                 cstackCOMMON 00076
LDByteWriteI2C@data                   cstackCOMMON 00077
LDByteWriteI2C@i2cSlaveAddress        cstackBANK0  00022
LoadSetting@idx                       cstackCOMMON 00078
LoadSetting@pointer                   cstackCOMMON 00077
MPU6050_Test_I2C@Data                 cstackBANK0  00023
SaveSetting@idx                       cstackCOMMON 00078
SaveSetting@pointer                   cstackCOMMON 00077
Setup_MPU6050@MPU6050RegTable         stringtext   003DB
Setup_MPU6050@TheReg                  cstackBANK0  00025
Setup_MPU6050@loop                    cstackBANK0  00023
_ABDEN                                (abs)        00CF8
_ACKDT                                (abs)        010B5
_ACKEN                                (abs)        010B4
_ADCON0                               (abs)        0009D
_ADCON1                               (abs)        0009E
_ADGO                                 (abs)        004E9
_ADRES                                (abs)        0009B
_ANSELA                               (abs)        0018C
_APFCON                               (abs)        0011D
_AccGyroCount                         bssBANK0     00065
_AccGyroX                             bssBANK1     000DA
_AccGyroY                             bssBANK1     000DE
_AccGyroZ                             bssBANK1     000E2
_BRG16                                (abs)        00CFB
_BRGH                                 (abs)        00CF2
_CARRY                                (abs)        00018
_CREN                                 (abs)        00CEC
_CalculateSumOfSquares                text41       0050D
_CalculateSumOfSquares$290            cstackBANK0  0002C
_CalculateSumOfSquares$291            cstackBANK0  0002E
_CalculateSumOfSquares$292            cstackBANK0  00030
_CurrentData                          bssBANK1     000C0
_DisplayData                          text43       00694
_DisplayInfo                          text25       002A1
_EEADR                                (abs)        00191
_EECON1                               (abs)        00195
_EECON2                               (abs)        00196
_EEDATA                               (abs)        00193
_FVRCON                               (abs)        00117
_FindDeltaG                           text24       00ADD
_GIE                                  (abs)        0005F
_GetGyroWithOffset                    text48       00C27
_Get_Accel_Values                     text15       005F6
_Get_HMC5883L_Values                  text13       00C7B
_GotInt_MPU6050                       text12       008E1
_INTCON                               (abs)        0000B
_InFiFo                               bssBANK0     00067
_Init1msTimer                         text11       00883
_LDByteReadI2C                        text16       00B1C
_LDByteWriteI2C                       text14       0090F
_LoadSetting                          text9        0095B
_MPU6050_Test_I2C                     text8        009B2
_Mode                                 dataBANK0    0006A
_NewMode                              bssBANK0     00068
_OPTION_REG                           (abs)        00095
_OSCCON                               (abs)        00099
_OutFiFo                              bssBANK0     00069
_PEIE                                 (abs)        0005E
_PEN                                  (abs)        010B2
_PORTA                                (abs)        0000C
_PR2                                  (abs)        0001B
_RCEN                                 (abs)        010B3
_RCIE                                 (abs)        0048D
_RCIF                                 (abs)        0008D
_RCREG                                (abs)        00199
_RCSTA                                (abs)        0019D
_RD                                   (abs)        00CA8
_RSEN                                 (abs)        010B1
_SCKP                                 (abs)        00CFC
_SEN                                  (abs)        010B0
_SPBRGH                               (abs)        0019C
_SPBRGL                               (abs)        0019B
_SPEN                                 (abs)        00CEF
_SSP1CON2                             (abs)        00216
_SSPADD                               (abs)        00212
_SSPBUF                               (abs)        00211
_SSPCON1                              (abs)        00215
_SSPCON2                              (abs)        00216
_SSPSTAT                              (abs)        00214
_SYNC                                 (abs)        00CF4
_SaveSetting                          text6        00977
_SerialBuffer                         bssBANK1     000A0
_Setting                              bssBANK1     000E8
_Setup_HMC5883L                       text5        008CD
_Setup_MPU6050                        text4        00D99
_T2CON                                (abs)        0001C
_TMR2                                 (abs)        0001A
_TMR2IE                               (abs)        00489
_TMR2IF                               (abs)        00089
_TRISA                                (abs)        0008C
_TRISA1                               (abs)        00461
_TRISA2                               (abs)        00462
_TXEN                                 (abs)        00CF5
_TXIE                                 (abs)        0048C
_TXIF                                 (abs)        0008C
_TXREG                                (abs)        0019A
_TXSTA                                (abs)        0019E
_TimerCrash                           bssBANK1     000E6
_Timerms                              bssCOMMON    0007A
_WPUA                                 (abs)        0020C
_WR                                   (abs)        00CA9
_WREN                                 (abs)        00CAA
__Babs1                               abs1         1E010
__Bbank0                              bank0        1E010
__Bbank1                              bank1        1E010
__Bbank10                             bank10       1E010
__Bbank11                             bank11       1E010
__Bbank12                             bank12       1E010
__Bbank13                             bank13       1E010
__Bbank14                             bank14       1E010
__Bbank15                             bank15       1E010
__Bbank16                             bank16       1E010
__Bbank17                             bank17       1E010
__Bbank18                             bank18       1E010
__Bbank19                             bank19       1E010
__Bbank2                              bank2        1E010
__Bbank20                             bank20       1E010
__Bbank21                             bank21       1E010
__Bbank22                             bank22       1E010
__Bbank23                             bank23       1E010
__Bbank24                             bank24       1E010
__Bbank25                             bank25       1E010
__Bbank26                             bank26       1E010
__Bbank27                             bank27       1E010
__Bbank28                             bank28       1E010
__Bbank29                             bank29       1E010
__Bbank3                              bank3        1E010
__Bbank30                             bank30       1E010
__Bbank31                             bank31       1E010
__Bbank4                              bank4        1E010
__Bbank5                              bank5        1E010
__Bbank6                              bank6        1E010
__Bbank7                              bank7        1E010
__Bbank8                              bank8        1E010
__Bbank9                              bank9        1E010
__Bbigram                             bigram       1E010
__BbssBANK0                           bssBANK0     1E010
__BbssBANK1                           bssBANK1     1E010
__BbssCOMMON                          bssCOMMON    1E010
__Bclrtext                            clrtext      1E010
__Bcode                               code         1E010
__Bcommon                             common       1E010
__BcstackBANK0                        cstackBANK0  1E010
__BcstackCOMMON                       cstackCOMMON 1E010
__BdataBANK0                          dataBANK0    1E010
__Beeprom_data                        eeprom_data  0F000
__BidataBANK0                         idataBANK0   1E010
__Bmaintext                           maintext     1E010
__Bram                                ram          1E010
__Bsfr0                               sfr0         1E010
__Bsfr1                               sfr1         1E010
__Bsfr10                              sfr10        1E010
__Bsfr11                              sfr11        1E010
__Bsfr12                              sfr12        1E010
__Bsfr13                              sfr13        1E010
__Bsfr14                              sfr14        1E010
__Bsfr15                              sfr15        1E010
__Bsfr16                              sfr16        1E010
__Bsfr17                              sfr17        1E010
__Bsfr18                              sfr18        1E010
__Bsfr19                              sfr19        1E010
__Bsfr2                               sfr2         1E010
__Bsfr20                              sfr20        1E010
__Bsfr21                              sfr21        1E010
__Bsfr22                              sfr22        1E010
__Bsfr23                              sfr23        1E010
__Bsfr24                              sfr24        1E010
__Bsfr25                              sfr25        1E010
__Bsfr26                              sfr26        1E010
__Bsfr27                              sfr27        1E010
__Bsfr28                              sfr28        1E010
__Bsfr29                              sfr29        1E010
__Bsfr3                               sfr3         1E010
__Bsfr30                              sfr30        1E010
__Bsfr31                              sfr31        1E010
__Bsfr4                               sfr4         1E010
__Bsfr5                               sfr5         1E010
__Bsfr6                               sfr6         1E010
__Bsfr7                               sfr7         1E010
__Bsfr8                               sfr8         1E010
__Bsfr9                               sfr9         1E010
__Bstrings                            strings      1E010
__Bstringtext                         stringtext   1E010
__Btext                               text         1E010
__CFG_BOREN$ON                        (abs)        00000
__CFG_BORV$LO                         (abs)        00000
__CFG_CLKOUTEN$OFF                    (abs)        00000
__CFG_CP$OFF                          (abs)        00000
__CFG_CPD$OFF                         (abs)        00000
__CFG_FCMEN$ON                        (abs)        00000
__CFG_FOSC$INTOSC                     (abs)        00000
__CFG_IESO$OFF                        (abs)        00000
__CFG_LVP$ON                          (abs)        00000
__CFG_MCLRE$ON                        (abs)        00000
__CFG_PLLEN$OFF                       (abs)        00000
__CFG_PWRTE$OFF                       (abs)        00000
__CFG_STVREN$ON                       (abs)        00000
__CFG_WDTE$OFF                        (abs)        00000
__CFG_WRT$OFF                         (abs)        00000
__Habs1                               abs1         00010
__Hbank0                              bank0        00010
__Hbank1                              bank1        00010
__Hbank10                             bank10       00010
__Hbank11                             bank11       00010
__Hbank12                             bank12       00010
__Hbank13                             bank13       00010
__Hbank14                             bank14       00010
__Hbank15                             bank15       00010
__Hbank16                             bank16       00010
__Hbank17                             bank17       00010
__Hbank18                             bank18       00010
__Hbank19                             bank19       00010
__Hbank2                              bank2        00010
__Hbank20                             bank20       00010
__Hbank21                             bank21       00010
__Hbank22                             bank22       00010
__Hbank23                             bank23       00010
__Hbank24                             bank24       00010
__Hbank25                             bank25       00010
__Hbank26                             bank26       00010
__Hbank27                             bank27       00010
__Hbank28                             bank28       00010
__Hbank29                             bank29       00010
__Hbank3                              bank3        00010
__Hbank30                             bank30       00010
__Hbank31                             bank31       00010
__Hbank4                              bank4        00010
__Hbank5                              bank5        00010
__Hbank6                              bank6        00010
__Hbank7                              bank7        00010
__Hbank8                              bank8        00010
__Hbank9                              bank9        00010
__Hbigram                             bigram       00010
__HbssBANK0                           bssBANK0     00010
__HbssBANK1                           bssBANK1     00010
__HbssCOMMON                          bssCOMMON    00010
__Hcinit                              cinit        0004F
__Hclrtext                            clrtext      00010
__Hcode                               code         00010
__Hcommon                             common       00010
__Hconfig                             config       08009
__HcstackBANK0                        cstackBANK0  00010
__HcstackCOMMON                       cstackCOMMON 00010
__HdataBANK0                          dataBANK0    00010
__Heeprom_data                        eeprom_data  00008
__Hend_init                           end_init     00039
__Hfunctab                            functab      00000
__HidataBANK0                         idataBANK0   00010
__Hidloc                              idloc        00000
__Hinit                               init         00037
__Hintentry                           intentry     00037
__Hmaintext                           maintext     00010
__Hpowerup                            powerup      00000
__Hram                                ram          00010
__Hreset_vec                          reset_vec    00002
__Hsfr0                               sfr0         00010
__Hsfr1                               sfr1         00010
__Hsfr10                              sfr10        00010
__Hsfr11                              sfr11        00010
__Hsfr12                              sfr12        00010
__Hsfr13                              sfr13        00010
__Hsfr14                              sfr14        00010
__Hsfr15                              sfr15        00010
__Hsfr16                              sfr16        00010
__Hsfr17                              sfr17        00010
__Hsfr18                              sfr18        00010
__Hsfr19                              sfr19        00010
__Hsfr2                               sfr2         00010
__Hsfr20                              sfr20        00010
__Hsfr21                              sfr21        00010
__Hsfr22                              sfr22        00010
__Hsfr23                              sfr23        00010
__Hsfr24                              sfr24        00010
__Hsfr25                              sfr25        00010
__Hsfr26                              sfr26        00010
__Hsfr27                              sfr27        00010
__Hsfr28                              sfr28        00010
__Hsfr29                              sfr29        00010
__Hsfr3                               sfr3         00010
__Hsfr30                              sfr30        00010
__Hsfr31                              sfr31        00010
__Hsfr4                               sfr4         00010
__Hsfr5                               sfr5         00010
__Hsfr6                               sfr6         00010
__Hsfr7                               sfr7         00010
__Hsfr8                               sfr8         00010
__Hsfr9                               sfr9         00010
__Hspace_0                            (abs)        08009
__Hspace_1                            (abs)        000EE
__Hspace_2                            (abs)        00000
__Hspace_3                            (abs)        00008
__Hstack                              stack        00000
__Hstrings                            strings      00010
__Hstringtext                         stringtext   00010
__Htext                               text         00010
__Labs1                               abs1         00010
__Lbank0                              bank0        00010
__Lbank1                              bank1        00010
__Lbank10                             bank10       00010
__Lbank11                             bank11       00010
__Lbank12                             bank12       00010
__Lbank13                             bank13       00010
__Lbank14                             bank14       00010
__Lbank15                             bank15       00010
__Lbank16                             bank16       00010
__Lbank17                             bank17       00010
__Lbank18                             bank18       00010
__Lbank19                             bank19       00010
__Lbank2                              bank2        00010
__Lbank20                             bank20       00010
__Lbank21                             bank21       00010
__Lbank22                             bank22       00010
__Lbank23                             bank23       00010
__Lbank24                             bank24       00010
__Lbank25                             bank25       00010
__Lbank26                             bank26       00010
__Lbank27                             bank27       00010
__Lbank28                             bank28       00010
__Lbank29                             bank29       00010
__Lbank3                              bank3        00010
__Lbank30                             bank30       00010
__Lbank31                             bank31       00010
__Lbank4                              bank4        00010
__Lbank5                              bank5        00010
__Lbank6                              bank6        00010
__Lbank7                              bank7        00010
__Lbank8                              bank8        00010
__Lbank9                              bank9        00010
__Lbigram                             bigram       00010
__LbssBANK0                           bssBANK0     00010
__LbssBANK1                           bssBANK1     00010
__LbssCOMMON                          bssCOMMON    00010
__Lcinit                              cinit        00039
__Lclrtext                            clrtext      00010
__Lcode                               code         00010
__Lcommon                             common       00010
__Lconfig                             config       08007
__LcstackBANK0                        cstackBANK0  00010
__LcstackCOMMON                       cstackCOMMON 00010
__LdataBANK0                          dataBANK0    00010
__Leeprom_data                        eeprom_data  00000
__Lend_init                           end_init     00037
__Lfunctab                            functab      00000
__LidataBANK0                         idataBANK0   00010
__Lidloc                              idloc        00000
__Linit                               init         00037
__Lintentry                           intentry     00004
__Lmaintext                           maintext     00010
__Lpowerup                            powerup      00000
__Lram                                ram          00010
__Lreset_vec                          reset_vec    00000
__Lsfr0                               sfr0         00010
__Lsfr1                               sfr1         00010
__Lsfr10                              sfr10        00010
__Lsfr11                              sfr11        00010
__Lsfr12                              sfr12        00010
__Lsfr13                              sfr13        00010
__Lsfr14                              sfr14        00010
__Lsfr15                              sfr15        00010
__Lsfr16                              sfr16        00010
__Lsfr17                              sfr17        00010
__Lsfr18                              sfr18        00010
__Lsfr19                              sfr19        00010
__Lsfr2                               sfr2         00010
__Lsfr20                              sfr20        00010
__Lsfr21                              sfr21        00010
__Lsfr22                              sfr22        00010
__Lsfr23                              sfr23        00010
__Lsfr24                              sfr24        00010
__Lsfr25                              sfr25        00010
__Lsfr26                              sfr26        00010
__Lsfr27                              sfr27        00010
__Lsfr28                              sfr28        00010
__Lsfr29                              sfr29        00010
__Lsfr3                               sfr3         00010
__Lsfr30                              sfr30        00010
__Lsfr31                              sfr31        00010
__Lsfr4                               sfr4         00010
__Lsfr5                               sfr5         00010
__Lsfr6                               sfr6         00010
__Lsfr7                               sfr7         00010
__Lsfr8                               sfr8         00010
__Lsfr9                               sfr9         00010
__Lspace_0                            (abs)        00000
__Lspace_1                            (abs)        00000
__Lspace_2                            (abs)        00000
__Lspace_3                            (abs)        00000
__Lstack                              stack        00000
__Lstrings                            strings      00010
__Lstringtext                         stringtext   00010
__Ltext                               text         00010
__S0                                  (abs)        08009
__S1                                  (abs)        000EE
__S2                                  (abs)        00000
__S3                                  (abs)        0F008
___aldiv                              text39       00EF6
___aldiv@counter                      cstackBANK0  00021
___aldiv@dividend                     cstackCOMMON 00076
___aldiv@divisor                      cstackCOMMON 00072
___aldiv@quotient                     cstackBANK0  00023
___aldiv@sign                         cstackBANK0  00022
___int_sp                             stack        00000
___latbits                            (abs)        00001
___lldiv                              text38       007AD
___lldiv@counter                      cstackBANK0  00025
___lldiv@dividend                     cstackCOMMON 00076
___lldiv@divisor                      cstackCOMMON 00072
___lldiv@quotient                     cstackBANK0  00021
___llmod                              text37       00B5C
___llmod@counter                      cstackBANK0  00021
___llmod@dividend                     cstackCOMMON 00076
___llmod@divisor                      cstackCOMMON 00072
___lmul                               text42       00A77
___lmul@multiplicand                  cstackCOMMON 00076
___lmul@multiplier                    cstackCOMMON 00072
___lmul@product                       cstackBANK0  00020
___lwdiv                              text34       00AA9
___lwdiv@counter                      cstackCOMMON 00077
___lwdiv@dividend                     cstackCOMMON 00074
___lwdiv@divisor                      cstackCOMMON 00072
___lwdiv@quotient                     cstackCOMMON 00078
___lwmod                              text33       00A1D
___lwmod@counter                      cstackCOMMON 00077
___lwmod@dividend                     cstackCOMMON 00074
___lwmod@divisor                      cstackCOMMON 00072
___sp                                 stack        00000
__end_ofFindDeltaG@HG                 stringtext   00428
__end_ofFindDeltaG@LG                 stringtext   0042C
__end_ofSetup_MPU6050@MPU6050RegTable stringtext   00424
__end_of_CalculateSumOfSquares        text41       005F6
__end_of_DisplayData                  text43       00724
__end_of_DisplayInfo                  text25       003DB
__end_of_FindDeltaG                   text24       00B1C
__end_of_GetGyroWithOffset            text48       00C7B
__end_of_Get_Accel_Values             text15       00694
__end_of_Get_HMC5883L_Values          text13       00CD1
__end_of_GotInt_MPU6050               text12       008F7
__end_of_Init1msTimer                 text11       00892
__end_of_LDByteReadI2C                text16       00B5C
__end_of_LDByteWriteI2C               text14       00927
__end_of_LoadSetting                  text9        00977
__end_of_MPU6050_Test_I2C             text8        009D5
__end_of_SaveSetting                  text6        00994
__end_of_Setup_HMC5883L               text5        008E1
__end_of_Setup_MPU6050                text4        00E04
__end_of___aldiv                      text39       00F78
__end_of___lldiv                      text38       00800
__end_of___llmod                      text37       00B9F
__end_of___lmul                       text42       00AA9
__end_of___lwdiv                      text34       00ADD
__end_of___lwmod                      text33       00A49
__end_of__initialization              cinit        0004B
__end_of_cputs                        text46       008B9
__end_of_eeprom_read                  text10       0093F
__end_of_eeprom_write                 text7        009F8
__end_of_i2c_Address                  text22       00883
__end_of_i2c_Init                     text3        00874
__end_of_i2c_Read                     text21       0095B
__end_of_i2c_Restart                  text20       00842
__end_of_i2c_Start                    text19       00847
__end_of_i2c_Stop                     text18       0084C
__end_of_i2c_Wait                     text23       00868
__end_of_i2c_Write                    text17       00859
__end_of_isqrt                        text40       01000
__end_of_isr                          intentry     00037
__end_of_ltoa                         text35       00A77
__end_of_main                         maintext     002A1
__end_of_printCentiValue              text31       00EF6
__end_of_printDeciValue               text29       00E77
__end_of_printGForce                  text30       00BE3
__end_of_printGyro                    text28       00C27
__end_of_printUShort                  text27       008CD
__end_of_printValue                   text26       0090F
__end_of_printVersion                 text2        00860
__end_of_printVoltage                 text1        00D99
__end_of_putHex                       text44       00A1D
__end_of_putHexNibble                 text45       008A5
__end_of_putch                        text47       009B2
__end_of_ultoa                        text36       007AD
__end_of_utoa                         text32       00D33
__initialization                      cinit        00039
__pbssBANK0                           bssBANK0     00065
__pbssBANK1                           bssBANK1     000A0
__pbssCOMMON                          bssCOMMON    0007A
__pcstackBANK0                        cstackBANK0  00020
__pcstackCOMMON                       cstackCOMMON 00070
__pdataBANK0                          dataBANK0    0006A
__pidataBANK0                         idataBANK0   00003
__pintentry                           intentry     00004
__pmaintext                           maintext     0004F
__pstringtext                         stringtext   003DB
__ptext1                              text1        00D33
__ptext10                             text10       00927
__ptext11                             text11       00883
__ptext12                             text12       008E1
__ptext13                             text13       00C7B
__ptext14                             text14       0090F
__ptext15                             text15       005F6
__ptext16                             text16       00B1C
__ptext17                             text17       00852
__ptext18                             text18       00847
__ptext19                             text19       00842
__ptext2                              text2        00859
__ptext20                             text20       0083D
__ptext21                             text21       0093F
__ptext22                             text22       00874
__ptext23                             text23       00860
__ptext24                             text24       00ADD
__ptext25                             text25       002A1
__ptext26                             text26       008F7
__ptext27                             text27       008B9
__ptext28                             text28       00BE3
__ptext29                             text29       00E04
__ptext3                              text3        00868
__ptext30                             text30       00B9F
__ptext31                             text31       00E77
__ptext32                             text32       00CD1
__ptext33                             text33       00A1D
__ptext34                             text34       00AA9
__ptext35                             text35       00A49
__ptext36                             text36       00724
__ptext37                             text37       00B5C
__ptext38                             text38       007AD
__ptext39                             text39       00EF6
__ptext4                              text4        00D99
__ptext40                             text40       00F78
__ptext41                             text41       0050D
__ptext42                             text42       00A77
__ptext43                             text43       00694
__ptext44                             text44       009F8
__ptext45                             text45       00892
__ptext46                             text46       008A5
__ptext47                             text47       00994
__ptext48                             text48       00C27
__ptext5                              text5        008CD
__ptext6                              text6        00977
__ptext7                              text7        009D5
__ptext8                              text8        009B2
__ptext9                              text9        0095B
__size_of_CalculateSumOfSquares       (abs)        00000
__size_of_DisplayData                 (abs)        00000
__size_of_DisplayInfo                 (abs)        00000
__size_of_FindDeltaG                  (abs)        00000
__size_of_GetGyroWithOffset           (abs)        00000
__size_of_Get_Accel_Values            (abs)        00000
__size_of_Get_HMC5883L_Values         (abs)        00000
__size_of_GotInt_MPU6050              (abs)        00000
__size_of_Init1msTimer                (abs)        00000
__size_of_LDByteReadI2C               (abs)        00000
__size_of_LDByteWriteI2C              (abs)        00000
__size_of_LoadSetting                 (abs)        00000
__size_of_MPU6050_Test_I2C            (abs)        00000
__size_of_SaveSetting                 (abs)        00000
__size_of_Setup_HMC5883L              (abs)        00000
__size_of_Setup_MPU6050               (abs)        00000
__size_of___aldiv                     (abs)        00000
__size_of___lldiv                     (abs)        00000
__size_of___llmod                     (abs)        00000
__size_of___lmul                      (abs)        00000
__size_of___lwdiv                     (abs)        00000
__size_of___lwmod                     (abs)        00000
__size_of_cputs                       (abs)        00000
__size_of_eeprom_read                 (abs)        00000
__size_of_eeprom_write                (abs)        00000
__size_of_i2c_Address                 (abs)        00000
__size_of_i2c_Init                    (abs)        00000
__size_of_i2c_Read                    (abs)        00000
__size_of_i2c_Restart                 (abs)        00000
__size_of_i2c_Start                   (abs)        00000
__size_of_i2c_Stop                    (abs)        00000
__size_of_i2c_Wait                    (abs)        00000
__size_of_i2c_Write                   (abs)        00000
__size_of_isqrt                       (abs)        00000
__size_of_isr                         (abs)        00000
__size_of_ltoa                        (abs)        00000
__size_of_main                        (abs)        00000
__size_of_printCentiValue             (abs)        00000
__size_of_printDeciValue              (abs)        00000
__size_of_printGForce                 (abs)        00000
__size_of_printGyro                   (abs)        00000
__size_of_printUShort                 (abs)        00000
__size_of_printValue                  (abs)        00000
__size_of_printVersion                (abs)        00000
__size_of_printVoltage                (abs)        00000
__size_of_putHex                      (abs)        00000
__size_of_putHexNibble                (abs)        00000
__size_of_putch                       (abs)        00000
__size_of_ultoa                       (abs)        00000
__size_of_utoa                        (abs)        00000
_cputs                                text46       008A5
_eeprom_read                          text10       00927
_eeprom_write                         text7        009D5
_i2c_Address                          text22       00874
_i2c_Init                             text3        00868
_i2c_Read                             text21       0093F
_i2c_Restart                          text20       0083D
_i2c_Start                            text19       00842
_i2c_Stop                             text18       00847
_i2c_Wait                             text23       00860
_i2c_Write                            text17       00852
_isqrt                                text40       00F78
_isr                                  intentry     00004
_ltoa                                 text35       00A49
_main                                 maintext     0004F
_printCentiValue                      text31       00E77
_printDeciValue                       text29       00E04
_printGForce                          text30       00B9F
_printGyro                            text28       00BE3
_printUShort                          text27       008B9
_printValue                           text26       008F7
_printVersion                         text2        00859
_printVoltage                         text1        00D33
_putHex                               text44       009F8
_putHexNibble                         text45       00892
_putch                                text47       00994
_ultoa                                text36       00724
_utoa                                 text32       00CD1
btemp                                 (abs)        0007E
clear_ram0                            clrtext      0084C
cputs@s                               cstackCOMMON 00075
eeprom_read@addr                      cstackCOMMON 00075
eeprom_write@addr                     cstackCOMMON 00075
eeprom_write@value                    cstackCOMMON 00072
end_of_initialization                 cinit        0004B
i2c_Address@address                   cstackCOMMON 00074
i2c_Address@l_address                 cstackCOMMON 00075
i2c_Address@mode                      cstackCOMMON 00072
i2c_Read@ack                          cstackCOMMON 00073
i2c_Read@i2cReadData                  cstackCOMMON 00074
i2c_Write@data                        cstackCOMMON 00072
int$flags                             (abs)        0007E
intlevel0                             functab      00000
intlevel1                             functab      00000
intlevel2                             functab      00000
intlevel3                             functab      00000
intlevel4                             functab      00000
intlevel5                             functab      00000
isqrt@b                               cstackBANK0  00038
isqrt@bshft                           cstackBANK0  00030
isqrt@g                               cstackBANK0  00034
isqrt@temp                            cstackBANK0  0002C
isqrt@val                             cstackCOMMON 00072
ltemp                                 (abs)        0007E
ltemp0                                (abs)        0007E
ltemp1                                (abs)        00082
ltemp2                                (abs)        00086
ltemp3                                (abs)        00080
ltoa@base                             cstackBANK0  00037
ltoa@buf                              cstackBANK0  0003B
ltoa@cp                               cstackBANK0  0003A
ltoa@val                              cstackBANK0  00033
main@UserKey                          cstackBANK0  00064
printCentiValue@T                     cstackBANK0  00050
printCentiValue@_lvalue               cstackBANK0  00052
printCentiValue@buffer                cstackBANK0  00040
printCentiValue@value                 cstackBANK0  0003C
printDeciValue@T                      cstackBANK0  00050
printDeciValue@_lvalue                cstackBANK0  00052
printDeciValue@buffer                 cstackBANK0  00040
printDeciValue@value                  cstackBANK0  0003C
printGForce@RawG                      cstackBANK0  00056
printGyro@RawG                        cstackBANK0  00056
printUShort@buffer                    cstackBANK0  0002B
printUShort@value                     cstackBANK0  00029
printValue@buffer                     cstackBANK0  00040
printValue@value                      cstackBANK0  0003C
printVoltage@VDDValue                 cstackBANK0  00059
printVoltage@value                    cstackBANK0  0005D
putHex@value                          cstackBANK0  00020
putHexNibble@value                    cstackCOMMON 00076
putch@char_out                        cstackCOMMON 00073
putch@temp                            cstackCOMMON 00074
reset_vec                             reset_vec    00000
stackhi                               (abs)        020EF
stacklo                               (abs)        0209E
start                                 init         00037
start_initialization                  cinit        00039
ttemp                                 (abs)        0007E
ttemp0                                (abs)        0007E
ttemp1                                (abs)        00081
ttemp2                                (abs)        00084
ttemp3                                (abs)        00087
ttemp4                                (abs)        0007F
ultoa@base                            cstackBANK0  0002A
ultoa@buf                             cstackBANK0  00032
ultoa@c                               cstackBANK0  00031
ultoa@v                               cstackBANK0  0002D
ultoa@val                             cstackBANK0  00026
utoa@base                             cstackBANK0  00022
utoa@buf                              cstackBANK0  00028
utoa@c                                cstackBANK0  00027
utoa@v                                cstackBANK0  00025
utoa@val                              cstackBANK0  00020
wtemp                                 (abs)        0007E
wtemp0                                (abs)        0007E
wtemp1                                (abs)        00080
wtemp2                                (abs)        00082
wtemp3                                (abs)        00084
wtemp4                                (abs)        00086
wtemp5                                (abs)        00088
wtemp6                                (abs)        0007F


FUNCTION INFORMATION:

 *************** function _main *****************
 Defined at:
		line 614 in file "blueGyro.c"
 Parameters:    Size  Location     Type
		None
 Auto vars:     Size  Location     Type
  m_Timer         2    0        unsigned short 
  UserKey         1   68[BANK0 ] unsigned char 
 Return value:  Size  Location     Type
                  2  346[None  ] int 
 Registers used:
		wreg, fsr0l, fsr0h, fsr1l, fsr1h, status,2, status,0, pclath, cstack
 Tracked objects:
		On entry : 
		On exit  : 
		Unchanged: 
 Data sizes:     COMMON   BANK0   BANK1   BANK2
      Params:         0       0       0       0
      Locals:         0       1       0       0
      Temps:          0       4       0       0
      Totals:         0       5       0       0
Total ram usage:        5 bytes
 Hardware stack levels required when called:    7
 This function calls:
		_CalculateSumOfSquares
		_DisplayData
		_DisplayInfo
		_FindDeltaG
		_Get_Accel_Values
		_Get_HMC5883L_Values
		_GotInt_MPU6050
		_Init1msTimer
		_LoadSetting
		_MPU6050_Test_I2C
		_SaveSetting
		_Setup_HMC5883L
		_Setup_MPU6050
		___aldiv
		_cputs
		_i2c_Init
		_printVersion
		_printVoltage
 This function is called by:
		Startup code after reset
 This function uses a non-reentrant model


 *************** function _printVoltage *****************
 Defined at:
		line 567 in file "blueGyro.c"
 Parameters:    Size  Location     Type
		None
 Auto vars:     Size  Location     Type
  VDDValue        4   57[BANK0 ] long 
  value           2   61[BANK0 ] unsigned short 
 Return value:  Size  Location     Type
		None               void
 Registers used:
		wreg, fsr0l, fsr0h, fsr1l, fsr1h, status,2, status,0, pclath, cstack
 Tracked objects:
		On entry : 
		On exit  : 
		Unchanged: 
 Data sizes:     COMMON   BANK0   BANK1   BANK2
      Params:         0       0       0       0
      Locals:         0       6       0       0
      Temps:          0       3       0       0
      Totals:         0       9       0       0
Total ram usage:        9 bytes
 Hardware stack levels used:    1
 Hardware stack levels required when called:    5
 This function calls:
		___aldiv
		_cputs
		_printCentiValue
 This function is called by:
		_main
 This function uses a non-reentrant model


 *************** function _printVersion *****************
 Defined at:
		line 561 in file "blueGyro.c"
 Parameters:    Size  Location     Type
		None
 Auto vars:     Size  Location     Type
		None
 Return value:  Size  Location     Type
		None               void
 Registers used:
		wreg, fsr0l, fsr0h, fsr1l, fsr1h, status,2, status,0, pclath, cstack
 Tracked objects:
		On entry : 
		On exit  : 
		Unchanged: 
 Data sizes:     COMMON   BANK0   BANK1   BANK2
      Params:         0       0       0       0
      Locals:         0       0       0       0
      Temps:          0       0       0       0
      Totals:         0       0       0       0
Total ram usage:        0 bytes
 Hardware stack levels used:    1
 Hardware stack levels required when called:    3
 This function calls:
		_cputs
 This function is called by:
		_main
 This function uses a non-reentrant model


 *************** function _i2c_Init *****************
 Defined at:
		line 12 in file "i2cMaster.c"
 Parameters:    Size  Location     Type
		None
 Auto vars:     Size  Location     Type
		None
 Return value:  Size  Location     Type
		None               void
 Registers used:
		wreg, status,2
 Tracked objects:
		On entry : 
		On exit  : 
		Unchanged: 
 Data sizes:     COMMON   BANK0   BANK1   BANK2
      Params:         0       0       0       0
      Locals:         0       0       0       0
      Temps:          0       0       0       0
      Totals:         0       0       0       0
Total ram usage:        0 bytes
 Hardware stack levels used:    1
 Hardware stack levels required when called:    1
 This function calls:
		Nothing
 This function is called by:
		_main
 This function uses a non-reentrant model


 *************** function _Setup_MPU6050 *****************
 Defined at:
		line 27 in file "MPU6050.c"
 Parameters:    Size  Location     Type
		None
 Auto vars:     Size  Location     Type
  loop            2    3[BANK0 ] int 
  TheReg          1    5[BANK0 ] unsigned char 
 Return value:  Size  Location     Type
		None               void
 Registers used:
		wreg, fsr0l, fsr0h, fsr1l, fsr1h, status,2, status,0, pclath, cstack
 Tracked objects:
		On entry : 
		On exit  : 
		Unchanged: 
 Data sizes:     COMMON   BANK0   BANK1   BANK2
      Params:         0       0       0       0
      Locals:         0       3       0       0
      Temps:          2       0       0       0
      Totals:         2       3       0       0
Total ram usage:        5 bytes
 Hardware stack levels used:    1
 Hardware stack levels required when called:    4
 This function calls:
		_LDByteWriteI2C
		_cputs
 This function is called by:
		_main
 This function uses a non-reentrant model


 *************** function _Setup_HMC5883L *****************
 Defined at:
		line 9 in file "HMC5883L.c"
 Parameters:    Size  Location     Type
		None
 Auto vars:     Size  Location     Type
		None
 Return value:  Size  Location     Type
		None               void
 Registers used:
		wreg, status,2, status,0, pclath, cstack
 Tracked objects:
		On entry : 
		On exit  : 
		Unchanged: 
 Data sizes:     COMMON   BANK0   BANK1   BANK2
      Params:         0       0       0       0
      Locals:         0       0       0       0
      Temps:          1       0       0       0
      Totals:         1       0       0       0
Total ram usage:        1 bytes
 Hardware stack levels used:    1
 Hardware stack levels required when called:    4
 This function calls:
		_LDByteWriteI2C
 This function is called by:
		_main
 This function uses a non-reentrant model


 *************** function _SaveSetting *****************
 Defined at:
		line 203 in file "blueGyro.c"
 Parameters:    Size  Location     Type
		None
 Auto vars:     Size  Location     Type
  idx             1    8[COMMON] unsigned char 
  pointer         1    7[COMMON] PTR unsigned char 
		 -> Setting(6), 
 Return value:  Size  Location     Type
		None               void
 Registers used:
		wreg, fsr1l, fsr1h, status,2, status,0, pclath, cstack
 Tracked objects:
		On entry : 
		On exit  : 
		Unchanged: 
 Data sizes:     COMMON   BANK0   BANK1   BANK2
      Params:         0       0       0       0
      Locals:         2       0       0       0
      Temps:          1       0       0       0
      Totals:         3       0       0       0
Total ram usage:        3 bytes
 Hardware stack levels used:    1
 Hardware stack levels required when called:    2
 This function calls:
		_eeprom_write
 This function is called by:
		_main
 This function uses a non-reentrant model


 *************** function _eeprom_write *****************
 Defined at:
		line 6 in file "/Applications/microchip/xc8/v1.35/sources/pic/eewrite.c"
 Parameters:    Size  Location     Type
  addr            1    wreg     unsigned char 
  value           1    2[COMMON] unsigned char 
 Auto vars:     Size  Location     Type
  addr            1    5[COMMON] unsigned char 
 Return value:  Size  Location     Type
		None               void
 Registers used:
		wreg, status,2, status,0
 Tracked objects:
		On entry : 
		On exit  : 
		Unchanged: 
 Data sizes:     COMMON   BANK0   BANK1   BANK2
      Params:         1       0       0       0
      Locals:         1       0       0       0
      Temps:          2       0       0       0
      Totals:         4       0       0       0
Total ram usage:        4 bytes
 Hardware stack levels used:    1
 Hardware stack levels required when called:    1
 This function calls:
		Nothing
 This function is called by:
		_SaveSetting
 This function uses a non-reentrant model


 *************** function _MPU6050_Test_I2C *****************
 Defined at:
		line 9 in file "MPU6050.c"
 Parameters:    Size  Location     Type
		None
 Auto vars:     Size  Location     Type
  Data            1    3[BANK0 ] unsigned char 
 Return value:  Size  Location     Type
                  2   81[None  ] int 
 Registers used:
		wreg, fsr0l, fsr0h, fsr1l, fsr1h, status,2, status,0, pclath, cstack
 Tracked objects:
		On entry : 
		On exit  : 
		Unchanged: 
 Data sizes:     COMMON   BANK0   BANK1   BANK2
      Params:         0       0       0       0
      Locals:         0       1       0       0
      Temps:          0       2       0       0
      Totals:         0       3       0       0
Total ram usage:        3 bytes
 Hardware stack levels used:    1
 Hardware stack levels required when called:    4
 This function calls:
		_LDByteReadI2C
		_cputs
 This function is called by:
		_main
 This function uses a non-reentrant model


 *************** function _LoadSetting *****************
 Defined at:
		line 194 in file "blueGyro.c"
 Parameters:    Size  Location     Type
		None
 Auto vars:     Size  Location     Type
  idx             1    8[COMMON] unsigned char 
  pointer         1    7[COMMON] PTR unsigned char 
		 -> Setting(6), 
 Return value:  Size  Location     Type
		None               void
 Registers used:
		wreg, fsr1l, fsr1h, status,2, status,0, pclath, cstack
 Tracked objects:
		On entry : 
		On exit  : 
		Unchanged: 
 Data sizes:     COMMON   BANK0   BANK1   BANK2
      Params:         0       0       0       0
      Locals:         2       0       0       0
      Temps:          1       0       0       0
      Totals:         3       0       0       0
Total ram usage:        3 bytes
 Hardware stack levels used:    1
 Hardware stack levels required when called:    2
 This function calls:
		_eeprom_read
 This function is called by:
		_main
 This function uses a non-reentrant model


 *************** function _eeprom_read *****************
 Defined at:
		line 6 in file "/Applications/microchip/xc8/v1.35/sources/pic/eeread.c"
 Parameters:    Size  Location     Type
  addr            1    wreg     unsigned char 
 Auto vars:     Size  Location     Type
  addr            1    5[COMMON] unsigned char 
 Return value:  Size  Location     Type
                  1    wreg      unsigned char 
 Registers used:
		wreg, status,2, status,0
 Tracked objects:
		On entry : 
		On exit  : 
		Unchanged: 
 Data sizes:     COMMON   BANK0   BANK1   BANK2
      Params:         0       0       0       0
      Locals:         1       0       0       0
      Temps:          3       0       0       0
      Totals:         4       0       0       0
Total ram usage:        4 bytes
 Hardware stack levels used:    1
 Hardware stack levels required when called:    1
 This function calls:
		Nothing
 This function is called by:
		_LoadSetting
 This function uses a non-reentrant model


 *************** function _Init1msTimer *****************
 Defined at:
		line 240 in file "blueGyro.c"
 Parameters:    Size  Location     Type
		None
 Auto vars:     Size  Location     Type
		None
 Return value:  Size  Location     Type
		None               void
 Registers used:
		wreg, status,2
 Tracked objects:
		On entry : 
		On exit  : 
		Unchanged: 
 Data sizes:     COMMON   BANK0   BANK1   BANK2
      Params:         0       0       0       0
      Locals:         0       0       0       0
      Temps:          0       0       0       0
      Totals:         0       0       0       0
Total ram usage:        0 bytes
 Hardware stack levels used:    1
 Hardware stack levels required when called:    1
 This function calls:
		Nothing
 This function is called by:
		_main
 This function uses a non-reentrant model


 *************** function _GotInt_MPU6050 *****************
 Defined at:
		line 165 in file "MPU6050.c"
 Parameters:    Size  Location     Type
		None
 Auto vars:     Size  Location     Type
  uc_temp         1    3[BANK0 ] unsigned char 
 Return value:  Size  Location     Type
                  1    wreg      unsigned char 
 Registers used:
		wreg, fsr1l, fsr1h, status,2, status,0, pclath, cstack
 Tracked objects:
		On entry : 
		On exit  : 
		Unchanged: 
 Data sizes:     COMMON   BANK0   BANK1   BANK2
      Params:         0       0       0       0
      Locals:         0       1       0       0
      Temps:          0       2       0       0
      Totals:         0       3       0       0
Total ram usage:        3 bytes
[...]
 Registers used:
		wreg, fsr1l, fsr1h, status,2, status,0, pclath, cstack
 Tracked objects:
		On entry : 
		On exit  : 
		Unchanged: 
 Data sizes:     COMMON   BANK0   BANK1   BANK2
      Params:         0       6       0       0
      Locals:         0       2       0       0
      Temps:          0       1       0       0
      Totals:         0       9       0       0
Total ram usage:        9 bytes
 Hardware stack levels used:    1
 Hardware stack levels required when called:    3
 This function calls:
		_ultoa
 This function is called by:
		_printValue
		_printCentiValue
		_printDeciValue
 This function uses a non-reentrant model


 *************** function _ultoa *****************
 Defined at:
		line 32 in file "/Applications/microchip/xc8/v1.35/sources/common/ltoa.c"
 Parameters:    Size  Location     Type
  buf             1    wreg     PTR unsigned char 
		 -> printDeciValue@buffer(16), printCentiValue@buffer(16), printValue@buffer(16), 
  val             4    6[BANK0 ] unsigned long 
  base            2   10[BANK0 ] int 
 Auto vars:     Size  Location     Type
  buf             1   18[BANK0 ] PTR unsigned char 
		 -> printDeciValue@buffer(16), printCentiValue@buffer(16), printValue@buffer(16), 
  v               4   13[BANK0 ] unsigned long 
  c               1   17[BANK0 ] unsigned char 
 Return value:  Size  Location     Type
                  1    wreg      PTR unsigned char 
 Registers used:
		wreg, fsr1l, fsr1h, status,2, status,0, pclath, cstack
 Tracked objects:
		On entry : 
		On exit  : 
		Unchanged: 
 Data sizes:     COMMON   BANK0   BANK1   BANK2
      Params:         0       6       0       0
      Locals:         0       6       0       0
      Temps:          0       1       0       0
      Totals:         0      13       0       0
Total ram usage:       13 bytes
 Hardware stack levels used:    1
 Hardware stack levels required when called:    2
 This function calls:
		___lldiv
		___llmod
 This function is called by:
		_ltoa
 This function uses a non-reentrant model


 *************** function ___llmod *****************
 Defined at:
		line 6 in file "/Applications/microchip/xc8/v1.35/sources/common/llmod.c"
 Parameters:    Size  Location     Type
  divisor         4    2[COMMON] unsigned long 
  dividend        4    6[COMMON] unsigned long 
 Auto vars:     Size  Location     Type
  counter         1    1[BANK0 ] unsigned char 
 Return value:  Size  Location     Type
                  4    2[COMMON] unsigned long 
 Registers used:
		wreg, status,2, status,0
 Tracked objects:
		On entry : 
		On exit  : 
		Unchanged: 
 Data sizes:     COMMON   BANK0   BANK1   BANK2
      Params:         8       0       0       0
      Locals:         0       1       0       0
      Temps:          0       1       0       0
      Totals:         8       2       0       0
Total ram usage:       10 bytes
 Hardware stack levels used:    1
 Hardware stack levels required when called:    1
 This function calls:
		Nothing
 This function is called by:
		_ultoa
 This function uses a non-reentrant model


 *************** function ___lldiv *****************
 Defined at:
		line 6 in file "/Applications/microchip/xc8/v1.35/sources/common/lldiv.c"
 Parameters:    Size  Location     Type
  divisor         4    2[COMMON] unsigned long 
  dividend        4    6[COMMON] unsigned long 
 Auto vars:     Size  Location     Type
  quotient        4    1[BANK0 ] unsigned long 
  counter         1    5[BANK0 ] unsigned char 
 Return value:  Size  Location     Type
                  4    2[COMMON] unsigned long 
 Registers used:
		wreg, status,2, status,0
 Tracked objects:
		On entry : 
		On exit  : 
		Unchanged: 
 Data sizes:     COMMON   BANK0   BANK1   BANK2
      Params:         8       0       0       0
      Locals:         0       5       0       0
      Temps:          0       1       0       0
      Totals:         8       6       0       0
Total ram usage:       14 bytes
 Hardware stack levels used:    1
 Hardware stack levels required when called:    1
 This function calls:
		Nothing
 This function is called by:
		_ultoa
 This function uses a non-reentrant model


 *************** function ___aldiv *****************
 Defined at:
		line 6 in file "/Applications/microchip/xc8/v1.35/sources/common/aldiv.c"
 Parameters:    Size  Location     Type
  divisor         4    2[COMMON] long 
  dividend        4    6[COMMON] long 
 Auto vars:     Size  Location     Type
  quotient        4    3[BANK0 ] long 
  sign            1    2[BANK0 ] unsigned char 
  counter         1    1[BANK0 ] unsigned char 
 Return value:  Size  Location     Type
                  4    2[COMMON] long 
 Registers used:
		wreg, status,2, status,0
 Tracked objects:
		On entry : 
		On exit  : 
		Unchanged: 
 Data sizes:     COMMON   BANK0   BANK1   BANK2
      Params:         8       0       0       0
      Locals:         0       6       0       0
      Temps:          0       1       0       0
      Totals:         8       7       0       0
Total ram usage:       15 bytes
 Hardware stack levels used:    1
 Hardware stack levels required when called:    1
 This function calls:
		Nothing
 This function is called by:
		_printCentiValue
		_printDeciValue
		_printGForce
		_printGyro
		_printVoltage
		_main
 This function uses a non-reentrant model


 *************** function _isqrt *****************
 Defined at:
		line 325 in file "blueGyro.c"
 Parameters:    Size  Location     Type
  val             4    2[COMMON] unsigned long 
 Auto vars:     Size  Location     Type
  b               4   24[BANK0 ] unsigned long 
  g               4   20[BANK0 ] unsigned long 
  bshft           4   16[BANK0 ] unsigned long 
  temp            4   12[BANK0 ] unsigned long 
 Return value:  Size  Location     Type
                  2    2[COMMON] unsigned short 
 Registers used:
		wreg, status,2, status,0
 Tracked objects:
		On entry : 
		On exit  : 
		Unchanged: 
 Data sizes:     COMMON   BANK0   BANK1   BANK2
      Params:         4       0       0       0
      Locals:         0      16       0       0
      Temps:          0      12       0       0
      Totals:         4      28       0       0
Total ram usage:       32 bytes
 Hardware stack levels used:    1
 Hardware stack levels required when called:    1
 This function calls:
		Nothing
 This function is called by:
		_DisplayInfo
 This function uses a non-reentrant model


 *************** function _CalculateSumOfSquares *****************
 Defined at:
		line 423 in file "blueGyro.c"
 Parameters:    Size  Location     Type
		None
 Auto vars:     Size  Location     Type
  GzSquare        4   26[BANK0 ] unsigned long 
  GySquare        4   22[BANK0 ] unsigned long 
  GxSquare        4   18[BANK0 ] unsigned long 
  temp            4    0        long 
 Return value:  Size  Location     Type
		None               void
 Registers used:
		wreg, status,2, status,0, pclath, cstack
 Tracked objects:
		On entry : 
		On exit  : 
		Unchanged: 
 Data sizes:     COMMON   BANK0   BANK1   BANK2
      Params:         0       0       0       0
      Locals:         0      18       0       0
      Temps:          0       8       0       0
      Totals:         0      26       0       0
Total ram usage:       26 bytes
 Hardware stack levels used:    1
 Hardware stack levels required when called:    2
 This function calls:
		___lmul
 This function is called by:
		_DisplayInfo
		_main
 This function uses a non-reentrant model


 *************** function ___lmul *****************
 Defined at:
		line 15 in file "/Applications/microchip/xc8/v1.35/sources/common/Umul32.c"
 Parameters:    Size  Location     Type
  multiplier      4    2[COMMON] unsigned long 
  multiplicand    4    6[COMMON] unsigned long 
 Auto vars:     Size  Location     Type
  product         4    0[BANK0 ] unsigned long 
 Return value:  Size  Location     Type
                  4    2[COMMON] unsigned long 
 Registers used:
		wreg, status,2, status,0
 Tracked objects:
		On entry : 
		On exit  : 
		Unchanged: 
 Data sizes:     COMMON   BANK0   BANK1   BANK2
      Params:         8       0       0       0
      Locals:         0       4       0       0
      Temps:          0       0       0       0
      Totals:         8       4       0       0
Total ram usage:       12 bytes
 Hardware stack levels used:    1
 Hardware stack levels required when called:    1
 This function calls:
		Nothing
 This function is called by:
		_printGForce
		_printGyro
		_CalculateSumOfSquares
 This function uses a non-reentrant model


 *************** function _DisplayData *****************
 Defined at:
		line 529 in file "blueGyro.c"
 Parameters:    Size  Location     Type
		None
 Auto vars:     Size  Location     Type
		None
 Return value:  Size  Location     Type
		None               void
 Registers used:
		wreg, fsr0l, fsr0h, fsr1l, fsr1h, status,2, status,0, pclath, cstack
 Tracked objects:
		On entry : 
		On exit  : 
		Unchanged: 
 Data sizes:     COMMON   BANK0   BANK1   BANK2
      Params:         0       0       0       0
      Locals:         0       0       0       0
      Temps:          0       0       0       0
      Totals:         0       0       0       0
Total ram usage:        0 bytes
 Hardware stack levels used:    1
 Hardware stack levels required when called:    4
 This function calls:
		_GetGyroWithOffset
		_cputs
		_putHex
 This function is called by:
		_main
 This function uses a non-reentrant model


 *************** function _putHex *****************
 Defined at:
		line 520 in file "blueGyro.c"
 Parameters:    Size  Location     Type
  value           2    0[BANK0 ] unsigned short 
 Auto vars:     Size  Location     Type
		None
 Return value:  Size  Location     Type
		None               void
 Registers used:
		wreg, fsr1l, fsr1h, status,2, status,0, pclath, cstack
 Tracked objects:
		On entry : 
		On exit  : 
		Unchanged: 
 Data sizes:     COMMON   BANK0   BANK1   BANK2
      Params:         0       2       0       0
      Locals:         0       0       0       0
      Temps:          0       2       0       0
      Totals:         0       4       0       0
Total ram usage:        4 bytes
 Hardware stack levels used:    1
 Hardware stack levels required when called:    3
 This function calls:
		_putHexNibble
 This function is called by:
		_DisplayData
 This function uses a non-reentrant model


 *************** function _putHexNibble *****************
 Defined at:
		line 507 in file "blueGyro.c"
 Parameters:    Size  Location     Type
  value           1    wreg     unsigned char 
 Auto vars:     Size  Location     Type
  value           1    6[COMMON] unsigned char 
 Return value:  Size  Location     Type
		None               void
 Registers used:
		wreg, fsr1l, fsr1h, status,2, status,0, pclath, cstack
 Tracked objects:
		On entry : 
		On exit  : 
		Unchanged: 
 Data sizes:     COMMON   BANK0   BANK1   BANK2
      Params:         0       0       0       0
      Locals:         1       0       0       0
      Temps:          1       0       0       0
      Totals:         2       0       0       0
Total ram usage:        2 bytes
 Hardware stack levels used:    1
 Hardware stack levels required when called:    2
 This function calls:
		_putch
 This function is called by:
		_putHex
 This function uses a non-reentrant model


 *************** function _cputs *****************
 Defined at:
		line 4 in file "/Applications/microchip/xc8/v1.35/sources/common/cputs.c"
 Parameters:    Size  Location     Type
  s               2    5[COMMON] PTR const unsigned char 
		 -> STR_19(10), STR_18(9), STR_17(15), STR_16(4), 
		 -> STR_15(4), STR_14(7), STR_13(17), STR_12(3), 
		 -> STR_11(3), STR_10(8), STR_9(9), STR_8(4), 
		 -> STR_7(6), STR_6(11), STR_5(4), STR_4(4), 
		 -> printUShort@buffer(16), printDeciValue@buffer(16), printCentiValue@buffer(16), printValue@buffer(16), 
		 -> STR_3(27), STR_2(40), STR_1(46), 
 Auto vars:     Size  Location     Type
		None
 Return value:  Size  Location     Type
		None               void
 Registers used:
		wreg, fsr0l, fsr0h, fsr1l, fsr1h, status,2, status,0, pclath, cstack
 Tracked objects:
		On entry : 
		On exit  : 
		Unchanged: 
 Data sizes:     COMMON   BANK0   BANK1   BANK2
      Params:         2       0       0       0
      Locals:         0       0       0       0
      Temps:          1       0       0       0
      Totals:         3       0       0       0
Total ram usage:        3 bytes
 Hardware stack levels used:    1
 Hardware stack levels required when called:    2
 This function calls:
		_putch
 This function is called by:
		_MPU6050_Test_I2C
		_Setup_MPU6050
		_printValue
		_printCentiValue
		_printDeciValue
		_printUShort
		_DisplayInfo
		_DisplayData
		_printVersion
		_printVoltage
		_main
 This function uses a non-reentrant model


 *************** function _putch *****************
 Defined at:
		line 300 in file "blueGyro.c"
 Parameters:    Size  Location     Type
  char_out        1    wreg     unsigned char 
 Auto vars:     Size  Location     Type
  char_out        1    3[COMMON] unsigned char 
  temp            1    4[COMMON] unsigned char 
 Return value:  Size  Location     Type
		None               void
 Registers used:
		wreg, fsr1l, fsr1h, status,2, status,0
 Tracked objects:
		On entry : 
		On exit  : 
		Unchanged: 
 Data sizes:     COMMON   BANK0   BANK1   BANK2
      Params:         0       0       0       0
      Locals:         2       0       0       0
      Temps:          1       0       0       0
      Totals:         3       0       0       0
Total ram usage:        3 bytes
 Hardware stack levels used:    1
 Hardware stack levels required when called:    1
 This function calls:
		Nothing
 This function is called by:
		_printCentiValue
		_printDeciValue
		_putHexNibble
		_cputs
 This function uses a non-reentrant model


 *************** function _GetGyroWithOffset *****************
 Defined at:
		line 213 in file "blueGyro.c"
 Parameters:    Size  Location     Type
  value           2    2[COMMON] short 
  Goffset         2    4[COMMON] short 
 Auto vars:     Size  Location     Type
  _temp           2    8[COMMON] short 
 Return value:  Size  Location     Type
                  2    2[COMMON] short 
 Registers used:
		wreg, status,2, status,0
 Tracked objects:
		On entry : 
		On exit  : 
		Unchanged: 
 Data sizes:     COMMON   BANK0   BANK1   BANK2
      Params:         4       0       0       0
      Locals:         2       0       0       0
      Temps:          2       0       0       0
      Totals:         8       0       0       0
Total ram usage:        8 bytes
 Hardware stack levels used:    1
 Hardware stack levels required when called:    1
 This function calls:
		Nothing
 This function is called by:
		_DisplayInfo
		_DisplayData
 This function uses a non-reentrant model


 *************** function _isr *****************
 Defined at:
		line 269 in file "blueGyro.c"
 Parameters:    Size  Location     Type
		None
 Auto vars:     Size  Location     Type
		None
 Return value:  Size  Location     Type
		None               void
 Registers used:
		wreg, fsr1l, fsr1h, status,2, status,0
 Tracked objects:
		On entry : 
		On exit  : 
		Unchanged: 
 Data sizes:     COMMON   BANK0   BANK1   BANK2
      Params:         0       0       0       0
      Locals:         0       0       0       0
      Temps:          2       0       0       0
      Totals:         2       0       0       0
Total ram usage:        2 bytes
 Hardware stack levels used:    1
 This function calls:
		Nothing
 This function is called by:
		Interrupt level 1
 This function uses a non-reentrant model



MODULE INFORMATION

Module		Function		Class		Link	Load	Size
blueGyro.c
		_printUShort   		CODE           	08B9	0000	21
		_FindDeltaG    		CODE           	0ADD	0000	64
		_putch         		CODE           	0994	0000	31
		_printGForce   		CODE           	0B9F	0000	69
		_isqrt         		CODE           	0F78	0000	137
		_main          		CODE           	004F	0000	595
		_printGyro     		CODE           	0BE3	0000	69
		_putHexNibble  		CODE           	0892	0000	20
		_isr           		CODE           	0004	0000	52
		_putHex        		CODE           	09F8	0000	38
		_SaveSetting   		CODE           	0977	0000	30
		_printVoltage  		CODE           	0D33	0000	103
		_printCentiValue		CODE           	0E77	0000	128
		_printVersion  		CODE           	0859	0000	8
		_printDeciValue		CODE           	0E04	0000	116
		_Init1msTimer  		CODE           	0883	0000	16
		_CalculateSumOfSquares		CODE           	050D	0000	234
		_DisplayData   		CODE           	0694	0000	145
		_GetGyroWithOffset		CODE           	0C27	0000	85
		_DisplayInfo   		CODE           	02A1	0000	315
		_LoadSetting   		CODE           	095B	0000	29
		_printValue    		CODE           	08F7	0000	25

blueGyro.c estimated size: 2330

MPU6050.c
		_MPU6050_Test_I2C		CODE           	09B2	0000	36
		_Setup_MPU6050 		CODE           	0D99	0000	108
		_Get_Accel_Values		CODE           	05F6	0000	159
		_GotInt_MPU6050		CODE           	08E1	0000	23

MPU6050.c estimated size: 326

i2cMaster.c
		_i2c_Address   		CODE           	0874	0000	16
		_i2c_Write     		CODE           	0852	0000	8
		_i2c_Stop      		CODE           	0847	0000	6
		_i2c_Wait      		CODE           	0860	0000	9
		_i2c_Read      		CODE           	093F	0000	29
		_LDByteWriteI2C		CODE           	090F	0000	25
		_i2c_Init      		CODE           	0868	0000	13
		_i2c_Start     		CODE           	0842	0000	6
		_i2c_Restart   		CODE           	083D	0000	6
		_LDByteReadI2C 		CODE           	0B1C	0000	65

i2cMaster.c estimated size: 183

/Applications/microchip/xc8/v1.35/sources/common/cputs.c
		_cputs         		CODE           	08A5	0000	21

/Applications/microchip/xc8/v1.35/sources/common/cputs.c estimated size: 21

/Applications/microchip/xc8/v1.35/sources/common/lwmod.c
		___lwmod       		CODE           	0A1D	0000	45

/Applications/microchip/xc8/v1.35/sources/common/lwmod.c estimated size: 45

/Applications/microchip/xc8/v1.35/sources/common/llmod.c
		___llmod       		CODE           	0B5C	0000	68

/Applications/microchip/xc8/v1.35/sources/common/llmod.c estimated size: 68

/Applications/microchip/xc8/v1.35/sources/common/Umul32.c
		___lmul        		CODE           	0A77	0000	51

/Applications/microchip/xc8/v1.35/sources/common/Umul32.c estimated size: 51

/Applications/microchip/xc8/v1.35/sources/pic/eeread.c
		_eeprom_read   		CODE           	0927	0000	25

/Applications/microchip/xc8/v1.35/sources/pic/eeread.c estimated size: 25

/Applications/microchip/xc8/v1.35/sources/common/lwdiv.c
		___lwdiv       		CODE           	0AA9	0000	53

/Applications/microchip/xc8/v1.35/sources/common/lwdiv.c estimated size: 53

/Applications/microchip/xc8/v1.35/sources/common/lldiv.c
		___lldiv       		CODE           	07AD	0000	84

/Applications/microchip/xc8/v1.35/sources/common/lldiv.c estimated size: 84

/Applications/microchip/xc8/v1.35/sources/pic/eewrite.c
		_eeprom_write  		CODE           	09D5	0000	36

/Applications/microchip/xc8/v1.35/sources/pic/eewrite.c estimated size: 36

shared
		__initialization		CODE           	0039	0000	19
		Setup_MPU6050@MPU6050RegTable		STRCODE        	03DB	0000	74
		FindDeltaG@HG  		STRCODE        	0424	0000	5
		FindDeltaG@LG  		STRCODE        	0428	0000	5

shared estimated size: 103

/Applications/microchip/xc8/v1.35/sources/common/ltoa.c
		_ltoa          		CODE           	0A49	0000	47
		_ultoa         		CODE           	0724	0000	138

/Applications/microchip/xc8/v1.35/sources/common/ltoa.c estimated size: 185

/Applications/microchip/xc8/v1.35/sources/common/aldiv.c
		___aldiv       		CODE           	0EF6	0000	131

/Applications/microchip/xc8/v1.35/sources/common/aldiv.c estimated size: 131

HMC5883L.c
		_Get_HMC5883L_Values		CODE           	0C7B	0000	87
		_Setup_HMC5883L		CODE           	08CD	0000	21

HMC5883L.c estimated size: 108

/Applications/microchip/xc8/v1.35/sources/common/itoa.c
		_utoa          		CODE           	0CD1	0000	99

/Applications/microchip/xc8/v1.35/sources/common/itoa.c estimated size: 99

